Component: ARM Compiler 5.06 update 6 (build 750) Tool: armlink [4d35ed]

==============================================================================

Section Cross References

    startup_stm32f407xx.o(RESET) refers to startup_stm32f407xx.o(STACK) for __initial_sp
    startup_stm32f407xx.o(RESET) refers to startup_stm32f407xx.o(.text) for Reset_Handler
    startup_stm32f407xx.o(RESET) refers to stm32f4xx_it.o(i.NMI_Handler) for NMI_Handler
    startup_stm32f407xx.o(RESET) refers to context_rvds.o(.text) for HardFault_Handler
    startup_stm32f407xx.o(RESET) refers to stm32f4xx_it.o(i.MemManage_Handler) for MemManage_Handler
    startup_stm32f407xx.o(RESET) refers to stm32f4xx_it.o(i.BusFault_Handler) for BusFault_Handler
    startup_stm32f407xx.o(RESET) refers to stm32f4xx_it.o(i.UsageFault_Handler) for UsageFault_Handler
    startup_stm32f407xx.o(RESET) refers to stm32f4xx_it.o(i.SVC_Handler) for SVC_Handler
    startup_stm32f407xx.o(RESET) refers to stm32f4xx_it.o(i.DebugMon_Handler) for DebugMon_Handler
    startup_stm32f407xx.o(RESET) refers to board.o(i.SysTick_Handler) for SysTick_Handler
    startup_stm32f407xx.o(RESET) refers to stm32f4xx_it.o(i.ADC_IRQHandler) for ADC_IRQHandler
    startup_stm32f407xx.o(RESET) refers to stm32f4xx_it.o(i.USART1_IRQHandler) for USART1_IRQHandler
    startup_stm32f407xx.o(RESET) refers to stm32f4xx_it.o(i.DMA2_Stream0_IRQHandler) for DMA2_Stream0_IRQHandler
    startup_stm32f407xx.o(RESET) refers to stm32f4xx_it.o(i.DMA2_Stream2_IRQHandler) for DMA2_Stream2_IRQHandler
    startup_stm32f407xx.o(.text) refers to system_stm32f4xx.o(i.SystemInit) for SystemInit
    startup_stm32f407xx.o(.text) refers to entry.o(.ARM.Collect$$$$00000000) for __main
    main.o(i.AdcTestThread_Func) refers to stm32f4xx_hal_adc.o(i.HAL_ADC_Start_DMA) for HAL_ADC_Start_DMA
    main.o(i.AdcTestThread_Func) refers to stm32f4xx_hal_gpio.o(i.HAL_GPIO_TogglePin) for HAL_GPIO_TogglePin
    main.o(i.AdcTestThread_Func) refers to thread.o(i.rt_thread_mdelay) for rt_thread_mdelay
    main.o(i.AdcTestThread_Func) refers to main.o(.data) for .data
    main.o(i.AdcTestThread_Func) refers to adc.o(.bss) for hadc1
    main.o(i.SystemClock_Config) refers to memseta.o(.text) for __aeabi_memclr4
    main.o(i.SystemClock_Config) refers to stm32f4xx_hal_rcc.o(i.HAL_RCC_OscConfig) for HAL_RCC_OscConfig
    main.o(i.SystemClock_Config) refers to stm32f4xx_hal_rcc.o(i.HAL_RCC_ClockConfig) for HAL_RCC_ClockConfig
    main.o(i.main) refers to stm32f4xx_hal.o(i.HAL_Init) for HAL_Init
    main.o(i.main) refers to main.o(i.SystemClock_Config) for SystemClock_Config
    main.o(i.main) refers to gpio.o(i.MX_GPIO_Init) for MX_GPIO_Init
    main.o(i.main) refers to dma.o(i.MX_DMA_Init) for MX_DMA_Init
    main.o(i.main) refers to adc.o(i.MX_ADC1_Init) for MX_ADC1_Init
    main.o(i.main) refers to usart.o(i.MX_USART1_UART_Init) for MX_USART1_UART_Init
    main.o(i.main) refers to thread.o(i.rt_thread_create) for rt_thread_create
    main.o(i.main) refers to thread.o(i.rt_thread_startup) for rt_thread_startup
    main.o(i.main) refers to stm32f4xx_hal_gpio.o(i.HAL_GPIO_TogglePin) for HAL_GPIO_TogglePin
    main.o(i.main) refers to thread.o(i.rt_thread_mdelay) for rt_thread_mdelay
    main.o(i.main) refers to main.o(i.AdcTestThread_Func) for AdcTestThread_Func
    main.o(i.main) refers to main.o(.data) for .data
    gpio.o(i.MX_GPIO_Init) refers to memseta.o(.text) for __aeabi_memclr4
    gpio.o(i.MX_GPIO_Init) refers to stm32f4xx_hal_gpio.o(i.HAL_GPIO_WritePin) for HAL_GPIO_WritePin
    gpio.o(i.MX_GPIO_Init) refers to stm32f4xx_hal_gpio.o(i.HAL_GPIO_Init) for HAL_GPIO_Init
    adc.o(i.HAL_ADC_MspDeInit) refers to stm32f4xx_hal_gpio.o(i.HAL_GPIO_DeInit) for HAL_GPIO_DeInit
    adc.o(i.HAL_ADC_MspDeInit) refers to stm32f4xx_hal_dma.o(i.HAL_DMA_DeInit) for HAL_DMA_DeInit
    adc.o(i.HAL_ADC_MspDeInit) refers to stm32f4xx_hal_cortex.o(i.HAL_NVIC_DisableIRQ) for HAL_NVIC_DisableIRQ
    adc.o(i.HAL_ADC_MspInit) refers to memseta.o(.text) for __aeabi_memclr4
    adc.o(i.HAL_ADC_MspInit) refers to stm32f4xx_hal_gpio.o(i.HAL_GPIO_Init) for HAL_GPIO_Init
    adc.o(i.HAL_ADC_MspInit) refers to stm32f4xx_hal_dma.o(i.HAL_DMA_Init) for HAL_DMA_Init
    adc.o(i.HAL_ADC_MspInit) refers to main.o(i.Error_Handler) for Error_Handler
    adc.o(i.HAL_ADC_MspInit) refers to stm32f4xx_hal_cortex.o(i.HAL_NVIC_SetPriority) for HAL_NVIC_SetPriority
    adc.o(i.HAL_ADC_MspInit) refers to stm32f4xx_hal_cortex.o(i.HAL_NVIC_EnableIRQ) for HAL_NVIC_EnableIRQ
    adc.o(i.HAL_ADC_MspInit) refers to adc.o(.bss) for .bss
    adc.o(i.MX_ADC1_Init) refers to stm32f4xx_hal_adc.o(i.HAL_ADC_Init) for HAL_ADC_Init
    adc.o(i.MX_ADC1_Init) refers to main.o(i.Error_Handler) for Error_Handler
    adc.o(i.MX_ADC1_Init) refers to stm32f4xx_hal_adc.o(i.HAL_ADC_ConfigChannel) for HAL_ADC_ConfigChannel
    adc.o(i.MX_ADC1_Init) refers to adc.o(.bss) for .bss
    dma.o(i.MX_DMA_Init) refers to stm32f4xx_hal_cortex.o(i.HAL_NVIC_SetPriority) for HAL_NVIC_SetPriority
[...]

    ../Drivers/STM32F4xx_HAL_Driver/Src/stm32f4xx_hal.c 0x00000000   Number         0  stm32f4xx_hal.o ABSOLUTE
    ../Drivers/STM32F4xx_HAL_Driver/Src/stm32f4xx_hal_adc.c 0x00000000   Number         0  stm32f4xx_hal_adc.o ABSOLUTE
    ../Drivers/STM32F4xx_HAL_Driver/Src/stm32f4xx_hal_adc_ex.c 0x00000000   Number         0  stm32f4xx_hal_adc_ex.o ABSOLUTE
    ../Drivers/STM32F4xx_HAL_Driver/Src/stm32f4xx_hal_cortex.c 0x00000000   Number         0  stm32f4xx_hal_cortex.o ABSOLUTE
    ../Drivers/STM32F4xx_HAL_Driver/Src/stm32f4xx_hal_dma.c 0x00000000   Number         0  stm32f4xx_hal_dma.o ABSOLUTE
    ../Drivers/STM32F4xx_HAL_Driver/Src/stm32f4xx_hal_dma_ex.c 0x00000000   Number         0  stm32f4xx_hal_dma_ex.o ABSOLUTE
    ../Drivers/STM32F4xx_HAL_Driver/Src/stm32f4xx_hal_exti.c 0x00000000   Number         0  stm32f4xx_hal_exti.o ABSOLUTE
    ../Drivers/STM32F4xx_HAL_Driver/Src/stm32f4xx_hal_flash.c 0x00000000   Number         0  stm32f4xx_hal_flash.o ABSOLUTE
    ../Drivers/STM32F4xx_HAL_Driver/Src/stm32f4xx_hal_flash_ex.c 0x00000000   Number         0  stm32f4xx_hal_flash_ex.o ABSOLUTE
    ../Drivers/STM32F4xx_HAL_Driver/Src/stm32f4xx_hal_flash_ramfunc.c 0x00000000   Number         0  stm32f4xx_hal_flash_ramfunc.o ABSOLUTE
    ../Drivers/STM32F4xx_HAL_Driver/Src/stm32f4xx_hal_gpio.c 0x00000000   Number         0  stm32f4xx_hal_gpio.o ABSOLUTE
    ../Drivers/STM32F4xx_HAL_Driver/Src/stm32f4xx_hal_pwr.c 0x00000000   Number         0  stm32f4xx_hal_pwr.o ABSOLUTE
    ../Drivers/STM32F4xx_HAL_Driver/Src/stm32f4xx_hal_pwr_ex.c 0x00000000   Number         0  stm32f4xx_hal_pwr_ex.o ABSOLUTE
    ../Drivers/STM32F4xx_HAL_Driver/Src/stm32f4xx_hal_rcc.c 0x00000000   Number         0  stm32f4xx_hal_rcc.o ABSOLUTE
    ../Drivers/STM32F4xx_HAL_Driver/Src/stm32f4xx_hal_rcc_ex.c 0x00000000   Number         0  stm32f4xx_hal_rcc_ex.o ABSOLUTE
    ../Drivers/STM32F4xx_HAL_Driver/Src/stm32f4xx_hal_tim.c 0x00000000   Number         0  stm32f4xx_hal_tim.o ABSOLUTE
    ../Drivers/STM32F4xx_HAL_Driver/Src/stm32f4xx_hal_tim_ex.c 0x00000000   Number         0  stm32f4xx_hal_tim_ex.o ABSOLUTE
    ../Drivers/STM32F4xx_HAL_Driver/Src/stm32f4xx_hal_uart.c 0x00000000   Number         0  stm32f4xx_hal_uart.o ABSOLUTE
    ../Src/adc.c                             0x00000000   Number         0  adc.o ABSOLUTE
    ../Src/dma.c                             0x00000000   Number         0  dma.o ABSOLUTE
    ../Src/gpio.c                            0x00000000   Number         0  gpio.o ABSOLUTE
    ../Src/main.c                            0x00000000   Number         0  main.o ABSOLUTE
    ../Src/stm32f4xx_hal_msp.c               0x00000000   Number         0  stm32f4xx_hal_msp.o ABSOLUTE
    ../Src/stm32f4xx_it.c                    0x00000000   Number         0  stm32f4xx_it.o ABSOLUTE
    ../Src/sys.c                             0x00000000   Number         0  sys.o ABSOLUTE
    ../Src/system_stm32f4xx.c                0x00000000   Number         0  system_stm32f4xx.o ABSOLUTE
    ../Src/usart.c                           0x00000000   Number         0  usart.o ABSOLUTE
    ../clib/microlib/division.c              0x00000000   Number         0  uldiv.o ABSOLUTE
    ../clib/microlib/init/entry.s            0x00000000   Number         0  entry10a.o ABSOLUTE
    ../clib/microlib/init/entry.s            0x00000000   Number         0  entry9b.o ABSOLUTE
    ../clib/microlib/init/entry.s            0x00000000   Number         0  entry9a.o ABSOLUTE
    ../clib/microlib/init/entry.s            0x00000000   Number         0  entry8b.o ABSOLUTE
    ../clib/microlib/init/entry.s            0x00000000   Number         0  entry2.o ABSOLUTE
    ../clib/microlib/init/entry.s            0x00000000   Number         0  entry.o ABSOLUTE
    ../clib/microlib/init/entry.s            0x00000000   Number         0  entry7b.o ABSOLUTE
    ../clib/microlib/init/entry.s            0x00000000   Number         0  entry10b.o ABSOLUTE
    ../clib/microlib/init/entry.s            0x00000000   Number         0  entry5.o ABSOLUTE
    ../clib/microlib/init/entry.s            0x00000000   Number         0  entry11b.o ABSOLUTE
    ../clib/microlib/init/entry.s            0x00000000   Number         0  entry7a.o ABSOLUTE
    ../clib/microlib/init/entry.s            0x00000000   Number         0  entry11a.o ABSOLUTE
    ../clib/microlib/init/entry.s            0x00000000   Number         0  entry8a.o ABSOLUTE
    ../clib/microlib/longlong.c              0x00000000   Number         0  llushr.o ABSOLUTE
    ../clib/microlib/longlong.c              0x00000000   Number         0  llshl.o ABSOLUTE
    ../clib/microlib/string/memset.c         0x00000000   Number         0  memseta.o ABSOLUTE
    ..\Drivers\STM32F4xx_HAL_Driver\Src\stm32f4xx_hal.c 0x00000000   Number         0  stm32f4xx_hal.o ABSOLUTE
    ..\Drivers\STM32F4xx_HAL_Driver\Src\stm32f4xx_hal_adc.c 0x00000000   Number         0  stm32f4xx_hal_adc.o ABSOLUTE
    ..\Drivers\STM32F4xx_HAL_Driver\Src\stm32f4xx_hal_adc_ex.c 0x00000000   Number         0  stm32f4xx_hal_adc_ex.o ABSOLUTE
    ..\Drivers\STM32F4xx_HAL_Driver\Src\stm32f4xx_hal_cortex.c 0x00000000   Number         0  stm32f4xx_hal_cortex.o ABSOLUTE
    ..\Drivers\STM32F4xx_HAL_Driver\Src\stm32f4xx_hal_dma.c 0x00000000   Number         0  stm32f4xx_hal_dma.o ABSOLUTE
    ..\Drivers\STM32F4xx_HAL_Driver\Src\stm32f4xx_hal_dma_ex.c 0x00000000   Number         0  stm32f4xx_hal_dma_ex.o ABSOLUTE
    ..\Drivers\STM32F4xx_HAL_Driver\Src\stm32f4xx_hal_exti.c 0x00000000   Number         0  stm32f4xx_hal_exti.o ABSOLUTE
    ..\Drivers\STM32F4xx_HAL_Driver\Src\stm32f4xx_hal_flash.c 0x00000000   Number         0  stm32f4xx_hal_flash.o ABSOLUTE
    ..\Drivers\STM32F4xx_HAL_Driver\Src\stm32f4xx_hal_flash_ex.c 0x00000000   Number         0  stm32f4xx_hal_flash_ex.o ABSOLUTE
    ..\Drivers\STM32F4xx_HAL_Driver\Src\stm32f4xx_hal_flash_ramfunc.c 0x00000000   Number         0  stm32f4xx_hal_flash_ramfunc.o ABSOLUTE
    ..\Drivers\STM32F4xx_HAL_Driver\Src\stm32f4xx_hal_gpio.c 0x00000000   Number         0  stm32f4xx_hal_gpio.o ABSOLUTE
    ..\Drivers\STM32F4xx_HAL_Driver\Src\stm32f4xx_hal_pwr.c 0x00000000   Number         0  stm32f4xx_hal_pwr.o ABSOLUTE
    ..\Drivers\STM32F4xx_HAL_Driver\Src\stm32f4xx_hal_pwr_ex.c 0x00000000   Number         0  stm32f4xx_hal_pwr_ex.o ABSOLUTE
    ..\Drivers\STM32F4xx_HAL_Driver\Src\stm32f4xx_hal_rcc.c 0x00000000   Number         0  stm32f4xx_hal_rcc.o ABSOLUTE
    ..\Drivers\STM32F4xx_HAL_Driver\Src\stm32f4xx_hal_rcc_ex.c 0x00000000   Number         0  stm32f4xx_hal_rcc_ex.o ABSOLUTE
    ..\Drivers\STM32F4xx_HAL_Driver\Src\stm32f4xx_hal_tim.c 0x00000000   Number         0  stm32f4xx_hal_tim.o ABSOLUTE
    ..\Drivers\STM32F4xx_HAL_Driver\Src\stm32f4xx_hal_tim_ex.c 0x00000000   Number         0  stm32f4xx_hal_tim_ex.o ABSOLUTE
    ..\Drivers\STM32F4xx_HAL_Driver\Src\stm32f4xx_hal_uart.c 0x00000000   Number         0  stm32f4xx_hal_uart.o ABSOLUTE
    ..\Src\adc.c                             0x00000000   Number         0  adc.o ABSOLUTE
    ..\Src\dma.c                             0x00000000   Number         0  dma.o ABSOLUTE
    ..\Src\gpio.c                            0x00000000   Number         0  gpio.o ABSOLUTE
    ..\Src\main.c                            0x00000000   Number         0  main.o ABSOLUTE
    ..\Src\stm32f4xx_hal_msp.c               0x00000000   Number         0  stm32f4xx_hal_msp.o ABSOLUTE
    ..\Src\stm32f4xx_it.c                    0x00000000   Number         0  stm32f4xx_it.o ABSOLUTE
    ..\Src\sys.c                             0x00000000   Number         0  sys.o ABSOLUTE
    ..\Src\system_stm32f4xx.c                0x00000000   Number         0  system_stm32f4xx.o ABSOLUTE
    ..\Src\usart.c                           0x00000000   Number         0  usart.o ABSOLUTE
    D:\keil5\ARM\PACK\RealThread\RT-Thread\3.1.3\libcpu\arm\cortex-m4\context_rvds.S 0x00000000   Number         0  context_rvds.o ABSOLUTE
    D:\keil5\ARM\PACK\RealThread\RT-Thread\3.1.3\libcpu\arm\cortex-m4\cpuport.c 0x00000000   Number         0  cpuport.o ABSOLUTE
    D:\keil5\ARM\PACK\RealThread\RT-Thread\3.1.3\src\clock.c 0x00000000   Number         0  clock.o ABSOLUTE
    D:\keil5\ARM\PACK\RealThread\RT-Thread\3.1.3\src\components.c 0x00000000   Number         0  components.o ABSOLUTE
    D:\keil5\ARM\PACK\RealThread\RT-Thread\3.1.3\src\idle.c 0x00000000   Number         0  idle.o ABSOLUTE
    D:\keil5\ARM\PACK\RealThread\RT-Thread\3.1.3\src\ipc.c 0x00000000   Number         0  ipc.o ABSOLUTE
    D:\keil5\ARM\PACK\RealThread\RT-Thread\3.1.3\src\irq.c 0x00000000   Number         0  irq.o ABSOLUTE
    D:\keil5\ARM\PACK\RealThread\RT-Thread\3.1.3\src\kservice.c 0x00000000   Number         0  kservice.o ABSOLUTE
    D:\keil5\ARM\PACK\RealThread\RT-Thread\3.1.3\src\mem.c 0x00000000   Number         0  mem.o ABSOLUTE
    D:\keil5\ARM\PACK\RealThread\RT-Thread\3.1.3\src\object.c 0x00000000   Number         0  object.o ABSOLUTE
    D:\keil5\ARM\PACK\RealThread\RT-Thread\3.1.3\src\scheduler.c 0x00000000   Number         0  scheduler.o ABSOLUTE
    D:\keil5\ARM\PACK\RealThread\RT-Thread\3.1.3\src\thread.c 0x00000000   Number         0  thread.o ABSOLUTE
    D:\keil5\ARM\PACK\RealThread\RT-Thread\3.1.3\src\timer.c 0x00000000   Number         0  timer.o ABSOLUTE
    RTE\RTOS\board.c                         0x00000000   Number         0  board.o ABSOLUTE
    dc.s                                     0x00000000   Number         0  dc.o ABSOLUTE
    handlers.s                               0x00000000   Number         0  handlers.o ABSOLUTE
    init.s                                   0x00000000   Number         0  init.o ABSOLUTE
    startup_stm32f407xx.s                    0x00000000   Number         0  startup_stm32f407xx.o ABSOLUTE
    RESET                                    0x08000000   Section      392  startup_stm32f407xx.o(RESET)
    .ARM.Collect$$$$00000000                 0x08000188   Section        0  entry.o(.ARM.Collect$$$$00000000)
    .ARM.Collect$$$$00000001                 0x08000188   Section        4  entry2.o(.ARM.Collect$$$$00000001)
    .ARM.Collect$$$$00000004                 0x0800018c   Section        4  entry5.o(.ARM.Collect$$$$00000004)
    .ARM.Collect$$$$00000008                 0x08000190   Section        0  entry7b.o(.ARM.Collect$$$$00000008)
    .ARM.Collect$$$$0000000A                 0x08000190   Section        0  entry8b.o(.ARM.Collect$$$$0000000A)
    .ARM.Collect$$$$0000000B                 0x08000190   Section        8  entry9a.o(.ARM.Collect$$$$0000000B)
    .ARM.Collect$$$$0000000D                 0x08000198   Section        0  entry10a.o(.ARM.Collect$$$$0000000D)
    .ARM.Collect$$$$0000000F                 0x08000198   Section        0  entry11a.o(.ARM.Collect$$$$0000000F)
    .ARM.Collect$$$$00002712                 0x08000198   Section        4  entry2.o(.ARM.Collect$$$$00002712)
    __lit__00000000                          0x08000198   Data           4  entry2.o(.ARM.Collect$$$$00002712)
    .text                                    0x0800019c   Section       36  startup_stm32f407xx.o(.text)
    $v0                                      0x0800019c   Number         0  startup_stm32f407xx.o(.text)
    .text                                    0x080001c0   Section      308  context_rvds.o(.text)
    $v0                                      0x080001c0   Number         0  context_rvds.o(.text)
    .text                                    0x080002f4   Section        0  uldiv.o(.text)
    .text                                    0x08000356   Section        0  memseta.o(.text)
    .text                                    0x0800037a   Section        0  llshl.o(.text)
    .text                                    0x08000398   Section        0  llushr.o(.text)
    .text                                    0x080003b8   Section       36  init.o(.text)
    i.$Sub$$main                             0x080003dc   Section        0  components.o(i.$Sub$$main)
    i.ADC_DMAConvCplt                        0x080003e6   Section        0  stm32f4xx_hal_adc.o(i.ADC_DMAConvCplt)
    ADC_DMAConvCplt                          0x080003e7   Thumb Code   110  stm32f4xx_hal_adc.o(i.ADC_DMAConvCplt)
    i.ADC_DMAError                           0x08000454   Section        0  stm32f4xx_hal_adc.o(i.ADC_DMAError)
    ADC_DMAError                             0x08000455   Thumb Code    22  stm32f4xx_hal_adc.o(i.ADC_DMAError)
    i.ADC_DMAHalfConvCplt                    0x0800046a   Section        0  stm32f4xx_hal_adc.o(i.ADC_DMAHalfConvCplt)
    ADC_DMAHalfConvCplt                      0x0800046b   Thumb Code    10  stm32f4xx_hal_adc.o(i.ADC_DMAHalfConvCplt)
    i.ADC_IRQHandler                         0x08000474   Section        0  stm32f4xx_it.o(i.ADC_IRQHandler)
    i.ADC_Init                               0x08000480   Section        0  stm32f4xx_hal_adc.o(i.ADC_Init)
    ADC_Init                                 0x08000481   Thumb Code   284  stm32f4xx_hal_adc.o(i.ADC_Init)
    i.AdcTestThread_Func                     0x080005a8   Section        0  main.o(i.AdcTestThread_Func)
    i.BusFault_Handler                       0x080005e0   Section        0  stm32f4xx_it.o(i.BusFault_Handler)
    i.DMA2_Stream0_IRQHandler                0x080005e4   Section        0  stm32f4xx_it.o(i.DMA2_Stream0_IRQHandler)
    i.DMA2_Stream2_IRQHandler                0x080005f0   Section        0  stm32f4xx_it.o(i.DMA2_Stream2_IRQHandler)
    i.DMA_CalcBaseAndBitshift                0x080005fc   Section        0  stm32f4xx_hal_dma.o(i.DMA_CalcBaseAndBitshift)
    DMA_CalcBaseAndBitshift                  0x080005fd   Thumb Code    34  stm32f4xx_hal_dma.o(i.DMA_CalcBaseAndBitshift)
    i.DMA_CheckFifoParam                     0x08000624   Section        0  stm32f4xx_hal_dma.o(i.DMA_CheckFifoParam)
    DMA_CheckFifoParam                       0x08000625   Thumb Code    84  stm32f4xx_hal_dma.o(i.DMA_CheckFifoParam)
    i.DMA_SetConfig                          0x08000678   Section        0  stm32f4xx_hal_dma.o(i.DMA_SetConfig)
    DMA_SetConfig                            0x08000679   Thumb Code    40  stm32f4xx_hal_dma.o(i.DMA_SetConfig)
    i.DebugMon_Handler                       0x080006a0   Section        0  stm32f4xx_it.o(i.DebugMon_Handler)
    i.Error_Handler                          0x080006a2   Section        0  main.o(i.Error_Handler)
    i.HAL_ADCEx_InjectedConvCpltCallback     0x080006a4   Section        0  stm32f4xx_hal_adc_ex.o(i.HAL_ADCEx_InjectedConvCpltCallback)
    i.HAL_ADC_ConfigChannel                  0x080006a8   Section        0  stm32f4xx_hal_adc.o(i.HAL_ADC_ConfigChannel)
    i.HAL_ADC_ConvCpltCallback               0x080007f4   Section        0  stm32f4xx_hal_adc.o(i.HAL_ADC_ConvCpltCallback)
    i.HAL_ADC_ConvHalfCpltCallback           0x080007f6   Section        0  stm32f4xx_hal_adc.o(i.HAL_ADC_ConvHalfCpltCallback)
    i.HAL_ADC_ErrorCallback                  0x080007f8   Section        0  stm32f4xx_hal_adc.o(i.HAL_ADC_ErrorCallback)
    i.HAL_ADC_IRQHandler                     0x080007fa   Section        0  stm32f4xx_hal_adc.o(i.HAL_ADC_IRQHandler)
    i.HAL_ADC_Init                           0x08000936   Section        0  stm32f4xx_hal_adc.o(i.HAL_ADC_Init)
    i.HAL_ADC_LevelOutOfWindowCallback       0x0800098a   Section        0  stm32f4xx_hal_adc.o(i.HAL_ADC_LevelOutOfWindowCallback)
    i.HAL_ADC_MspInit                        0x0800098c   Section        0  adc.o(i.HAL_ADC_MspInit)
    i.HAL_ADC_Start_DMA                      0x08000a30   Section        0  stm32f4xx_hal_adc.o(i.HAL_ADC_Start_DMA)
    i.HAL_DMA_Abort_IT                       0x08000b60   Section        0  stm32f4xx_hal_dma.o(i.HAL_DMA_Abort_IT)
    i.HAL_DMA_IRQHandler                     0x08000b84   Section        0  stm32f4xx_hal_dma.o(i.HAL_DMA_IRQHandler)
    i.HAL_DMA_Init                           0x08000d24   Section        0  stm32f4xx_hal_dma.o(i.HAL_DMA_Init)
    i.HAL_DMA_Start_IT                       0x08000df8   Section        0  stm32f4xx_hal_dma.o(i.HAL_DMA_Start_IT)
    i.HAL_GPIO_Init                          0x08000e68   Section        0  stm32f4xx_hal_gpio.o(i.HAL_GPIO_Init)
    i.HAL_GPIO_TogglePin                     0x08001020   Section        0  stm32f4xx_hal_gpio.o(i.HAL_GPIO_TogglePin)
    i.HAL_GPIO_WritePin                      0x0800102e   Section        0  stm32f4xx_hal_gpio.o(i.HAL_GPIO_WritePin)
    i.HAL_GetTick                            0x08001038   Section        0  stm32f4xx_hal.o(i.HAL_GetTick)
    i.HAL_Init                               0x08001044   Section        0  stm32f4xx_hal.o(i.HAL_Init)
    i.HAL_InitTick                           0x08001078   Section        0  stm32f4xx_hal.o(i.HAL_InitTick)
    i.HAL_MspInit                            0x080010b8   Section        0  stm32f4xx_hal_msp.o(i.HAL_MspInit)
    i.HAL_NVIC_EnableIRQ                     0x080010e8   Section        0  stm32f4xx_hal_cortex.o(i.HAL_NVIC_EnableIRQ)
    i.HAL_NVIC_SetPriority                   0x08001104   Section        0  stm32f4xx_hal_cortex.o(i.HAL_NVIC_SetPriority)
    i.HAL_NVIC_SetPriorityGrouping           0x08001144   Section        0  stm32f4xx_hal_cortex.o(i.HAL_NVIC_SetPriorityGrouping)
    i.HAL_RCC_ClockConfig                    0x08001168   Section        0  stm32f4xx_hal_rcc.o(i.HAL_RCC_ClockConfig)
    i.HAL_RCC_GetPCLK1Freq                   0x0800129c   Section        0  stm32f4xx_hal_rcc.o(i.HAL_RCC_GetPCLK1Freq)
    i.HAL_RCC_GetPCLK2Freq                   0x080012bc   Section        0  stm32f4xx_hal_rcc.o(i.HAL_RCC_GetPCLK2Freq)
    i.HAL_RCC_GetSysClockFreq                0x080012dc   Section        0  stm32f4xx_hal_rcc.o(i.HAL_RCC_GetSysClockFreq)
    i.HAL_RCC_OscConfig                      0x0800133c   Section        0  stm32f4xx_hal_rcc.o(i.HAL_RCC_OscConfig)
    i.HAL_SYSTICK_Config                     0x08001698   Section        0  stm32f4xx_hal_cortex.o(i.HAL_SYSTICK_Config)
    i.HAL_UART_ErrorCallback                 0x080016c0   Section        0  stm32f4xx_hal_uart.o(i.HAL_UART_ErrorCallback)
    i.HAL_UART_IRQHandler                    0x080016c4   Section        0  stm32f4xx_hal_uart.o(i.HAL_UART_IRQHandler)
    i.HAL_UART_Init                          0x080017d8   Section        0  stm32f4xx_hal_uart.o(i.HAL_UART_Init)
    i.HAL_UART_MspInit                       0x0800183c   Section        0  usart.o(i.HAL_UART_MspInit)
    i.HAL_UART_RxCpltCallback                0x080018f0   Section        0  stm32f4xx_hal_uart.o(i.HAL_UART_RxCpltCallback)
    i.HAL_UART_TxCpltCallback                0x080018f2   Section        0  stm32f4xx_hal_uart.o(i.HAL_UART_TxCpltCallback)
    i.MX_ADC1_Init                           0x080018f4   Section        0  adc.o(i.MX_ADC1_Init)
    i.MX_DMA_Init                            0x0800196c   Section        0  dma.o(i.MX_DMA_Init)
    i.MX_GPIO_Init                           0x080019a8   Section        0  gpio.o(i.MX_GPIO_Init)
    i.MX_USART1_UART_Init                    0x08001a28   Section        0  usart.o(i.MX_USART1_UART_Init)
    i.MemManage_Handler                      0x08001a60   Section        0  stm32f4xx_it.o(i.MemManage_Handler)
    i.NMI_Handler                            0x08001a62   Section        0  stm32f4xx_it.o(i.NMI_Handler)
    i.SVC_Handler                            0x08001a64   Section        0  stm32f4xx_it.o(i.SVC_Handler)
    i.SysTick_Handler                        0x08001a66   Section        0  board.o(i.SysTick_Handler)
    i.SystemClock_Config                     0x08001a78   Section        0  main.o(i.SystemClock_Config)
    i.SystemCoreClockUpdate                  0x08001af8   Section        0  system_stm32f4xx.o(i.SystemCoreClockUpdate)
    i.SystemInit                             0x08001b70   Section        0  system_stm32f4xx.o(i.SystemInit)
    i.UART_DMAAbortOnError                   0x08001b8c   Section        0  stm32f4xx_hal_uart.o(i.UART_DMAAbortOnError)
    UART_DMAAbortOnError                     0x08001b8d   Thumb Code    16  stm32f4xx_hal_uart.o(i.UART_DMAAbortOnError)
    i.UART_EndRxTransfer                     0x08001b9c   Section        0  stm32f4xx_hal_uart.o(i.UART_EndRxTransfer)
    UART_EndRxTransfer                       0x08001b9d   Thumb Code    28  stm32f4xx_hal_uart.o(i.UART_EndRxTransfer)
    i.UART_Receive_IT                        0x08001bb8   Section        0  stm32f4xx_hal_uart.o(i.UART_Receive_IT)
    UART_Receive_IT                          0x08001bb9   Thumb Code   150  stm32f4xx_hal_uart.o(i.UART_Receive_IT)
    i.UART_SetConfig                         0x08001c50   Section        0  stm32f4xx_hal_uart.o(i.UART_SetConfig)
    UART_SetConfig                           0x08001c51   Thumb Code   286  stm32f4xx_hal_uart.o(i.UART_SetConfig)
    i.UART_Transmit_IT                       0x08001d78   Section        0  stm32f4xx_hal_uart.o(i.UART_Transmit_IT)
    UART_Transmit_IT                         0x08001d79   Thumb Code    98  stm32f4xx_hal_uart.o(i.UART_Transmit_IT)
    i.USART1_IRQHandler                      0x08001ddc   Section        0  stm32f4xx_it.o(i.USART1_IRQHandler)
    i.UsageFault_Handler                     0x08001de8   Section        0  stm32f4xx_it.o(i.UsageFault_Handler)
    i.__NVIC_SetPriority                     0x08001dea   Section        0  stm32f4xx_hal_cortex.o(i.__NVIC_SetPriority)
    __NVIC_SetPriority                       0x08001deb   Thumb Code    32  stm32f4xx_hal_cortex.o(i.__NVIC_SetPriority)
    i.__rt_ffs                               0x08001e0c   Section        0  kservice.o(i.__rt_ffs)
    i.__scatterload_copy                     0x08001e50   Section       14  handlers.o(i.__scatterload_copy)
    i.__scatterload_null                     0x08001e5e   Section        2  handlers.o(i.__scatterload_null)
    i.__scatterload_zeroinit                 0x08001e60   Section       14  handlers.o(i.__scatterload_zeroinit)
    i._has_defunct_thread                    0x08001e70   Section        0  idle.o(i._has_defunct_thread)
    _has_defunct_thread                      0x08001e71   Thumb Code    16  idle.o(i._has_defunct_thread)
    i._rt_thread_init                        0x08001e84   Section        0  thread.o(i._rt_thread_init)
    _rt_thread_init                          0x08001e85   Thumb Code   118  thread.o(i._rt_thread_init)
    i._rt_timer_init                         0x08001f04   Section        0  timer.o(i._rt_timer_init)
    _rt_timer_init                           0x08001f05   Thumb Code    28  timer.o(i._rt_timer_init)
    i._rt_timer_remove                       0x08001f20   Section        0  timer.o(i._rt_timer_remove)
    _rt_timer_remove                         0x08001f21   Thumb Code    18  timer.o(i._rt_timer_remove)
    i.main                                   0x08001f34   Section        0  main.o(i.main)
    i.main_thread_entry                      0x08001f94   Section        0  components.o(i.main_thread_entry)
    i.plug_holes                             0x08001fa4   Section        0  mem.o(i.plug_holes)
    plug_holes                               0x08001fa5   Thumb Code    80  mem.o(i.plug_holes)
    i.print_number                           0x08001ff8   Section        0  kservice.o(i.print_number)
    print_number                             0x08001ff9   Thumb Code   300  kservice.o(i.print_number)
    i.rt_application_init                    0x08002128   Section        0  components.o(i.rt_application_init)
    i.rt_components_board_init               0x08002154   Section        0  components.o(i.rt_components_board_init)
    i.rt_components_init                     0x08002170   Section        0  components.o(i.rt_components_init)
    i.rt_enter_critical                      0x0800218c   Section        0  scheduler.o(i.rt_enter_critical)
    i.rt_exit_critical                       0x080021a8   Section        0  scheduler.o(i.rt_exit_critical)
    i.rt_free                                0x080021e0   Section        0  mem.o(i.rt_free)
    i.rt_heap_begin_get                      0x080022a4   Section        0  board.o(i.rt_heap_begin_get)
    i.rt_heap_end_get                        0x080022ac   Section        0  board.o(i.rt_heap_end_get)
    i.rt_hw_board_init                       0x080022b4   Section        0  board.o(i.rt_hw_board_init)
    i.rt_hw_console_output                   0x08002304   Section        0  kservice.o(i.rt_hw_console_output)
    i.rt_hw_hard_fault_exception             0x08002308   Section        0  cpuport.o(i.rt_hw_hard_fault_exception)
    i.rt_hw_stack_init                       0x08002518   Section        0  cpuport.o(i.rt_hw_stack_init)
    i.rt_interrupt_enter                     0x08002554   Section        0  irq.o(i.rt_interrupt_enter)
    i.rt_interrupt_leave                     0x08002570   Section        0  irq.o(i.rt_interrupt_leave)
    i.rt_ipc_list_suspend                    0x0800258c   Section        0  ipc.o(i.rt_ipc_list_suspend)
    rt_ipc_list_suspend                      0x0800258d   Thumb Code    82  ipc.o(i.rt_ipc_list_suspend)
    i.rt_kprintf                             0x080025e0   Section        0  kservice.o(i.rt_kprintf)
    i.rt_list_insert_after                   0x08002600   Section        0  object.o(i.rt_list_insert_after)
    rt_list_insert_after                     0x08002601   Thumb Code    14  object.o(i.rt_list_insert_after)
    i.rt_list_insert_after                   0x0800260e   Section        0  thread.o(i.rt_list_insert_after)
    rt_list_insert_after                     0x0800260f   Thumb Code    14  thread.o(i.rt_list_insert_after)
    i.rt_list_insert_after                   0x0800261c   Section        0  timer.o(i.rt_list_insert_after)
    rt_list_insert_after                     0x0800261d   Thumb Code    14  timer.o(i.rt_list_insert_after)
    i.rt_list_insert_before                  0x0800262a   Section        0  ipc.o(i.rt_list_insert_before)
    rt_list_insert_before                    0x0800262b   Thumb Code    14  ipc.o(i.rt_list_insert_before)
    i.rt_list_remove                         0x08002638   Section        0  object.o(i.rt_list_remove)
    rt_list_remove                           0x08002639   Thumb Code    18  object.o(i.rt_list_remove)
    i.rt_list_remove                         0x0800264a   Section        0  thread.o(i.rt_list_remove)
    rt_list_remove                           0x0800264b   Thumb Code    18  thread.o(i.rt_list_remove)
    i.rt_malloc                              0x0800265c   Section        0  mem.o(i.rt_malloc)
    i.rt_memset                              0x0800274c   Section        0  kservice.o(i.rt_memset)
    i.rt_object_allocate                     0x08002792   Section        0  object.o(i.rt_object_allocate)
    i.rt_object_delete                       0x080027e2   Section        0  object.o(i.rt_object_delete)
    i.rt_object_detach                       0x08002808   Section        0  object.o(i.rt_object_detach)
    i.rt_object_get_information              0x08002828   Section        0  object.o(i.rt_object_get_information)
    i.rt_object_init                         0x0800284c   Section        0  object.o(i.rt_object_init)
    i.rt_object_is_systemobject              0x0800289c   Section        0  object.o(i.rt_object_is_systemobject)
    i.rt_schedule                            0x080028ac   Section        0  scheduler.o(i.rt_schedule)
    i.rt_schedule_insert_thread              0x08002904   Section        0  scheduler.o(i.rt_schedule_insert_thread)
    i.rt_schedule_remove_thread              0x08002954   Section        0  scheduler.o(i.rt_schedule_remove_thread)
    i.rt_sem_init                            0x0800299c   Section        0  ipc.o(i.rt_sem_init)
    i.rt_sem_release                         0x080029c0   Section        0  ipc.o(i.rt_sem_release)
    i.rt_sem_take                            0x080029f6   Section        0  ipc.o(i.rt_sem_take)
    i.rt_show_version                        0x08002a64   Section        0  kservice.o(i.rt_show_version)
    i.rt_strlen                              0x08002b14   Section        0  kservice.o(i.rt_strlen)
    i.rt_strncpy                             0x08002b24   Section        0  kservice.o(i.rt_strncpy)
    i.rt_system_heap_init                    0x08002b4c   Section        0  mem.o(i.rt_system_heap_init)
    i.rt_system_scheduler_init               0x08002bf8   Section        0  scheduler.o(i.rt_system_scheduler_init)
    i.rt_system_scheduler_start              0x08002c2c   Section        0  scheduler.o(i.rt_system_scheduler_start)
    i.rt_system_timer_init                   0x08002c54   Section        0  timer.o(i.rt_system_timer_init)
    i.rt_system_timer_thread_init            0x08002c60   Section        0  timer.o(i.rt_system_timer_thread_init)
    i.rt_thread_create                       0x08002c62   Section        0  thread.o(i.rt_thread_create)
    i.rt_thread_exit                         0x08002cac   Section        0  thread.o(i.rt_thread_exit)
    i.rt_thread_idle_entry                   0x08002d04   Section        0  idle.o(i.rt_thread_idle_entry)
    rt_thread_idle_entry                     0x08002d05   Thumb Code     6  idle.o(i.rt_thread_idle_entry)
    i.rt_thread_idle_excute                  0x08002d0c   Section        0  idle.o(i.rt_thread_idle_excute)
    i.rt_thread_idle_init                    0x08002d84   Section        0  idle.o(i.rt_thread_idle_init)
    i.rt_thread_init                         0x08002dbc   Section        0  thread.o(i.rt_thread_init)
    i.rt_thread_mdelay                       0x08002dec   Section        0  thread.o(i.rt_thread_mdelay)
    i.rt_thread_resume                       0x08002dfa   Section        0  thread.o(i.rt_thread_resume)
    i.rt_thread_self                         0x08002e38   Section        0  thread.o(i.rt_thread_self)
    i.rt_thread_sleep                        0x08002e44   Section        0  thread.o(i.rt_thread_sleep)
    i.rt_thread_startup                      0x08002e84   Section        0  thread.o(i.rt_thread_startup)
    i.rt_thread_suspend                      0x08002eb0   Section        0  thread.o(i.rt_thread_suspend)
    i.rt_thread_timeout                      0x08002ef2   Section        0  thread.o(i.rt_thread_timeout)
    i.rt_thread_yield                        0x08002f14   Section        0  thread.o(i.rt_thread_yield)
    i.rt_tick_from_millisecond               0x08002f74   Section        0  clock.o(i.rt_tick_from_millisecond)
    i.rt_tick_get                            0x08002fa8   Section        0  clock.o(i.rt_tick_get)
    i.rt_tick_increase                       0x08002fb4   Section        0  clock.o(i.rt_tick_increase)
    i.rt_timer_check                         0x08002fe0   Section        0  timer.o(i.rt_timer_check)
    i.rt_timer_control                       0x08003048   Section        0  timer.o(i.rt_timer_control)
    i.rt_timer_detach                        0x08003078   Section        0  timer.o(i.rt_timer_detach)
    i.rt_timer_init                          0x08003098   Section        0  timer.o(i.rt_timer_init)
    i.rt_timer_start                         0x080030c0   Section        0  timer.o(i.rt_timer_start)
    i.rt_timer_stop                          0x0800314c   Section        0  timer.o(i.rt_timer_stop)
    i.rt_vsnprintf                           0x0800317c   Section        0  kservice.o(i.rt_vsnprintf)
    i.rti_board_end                          0x080033f8   Section        0  components.o(i.rti_board_end)
    rti_board_end                            0x080033f9   Thumb Code     4  components.o(i.rti_board_end)
    i.rti_board_start                        0x080033fc   Section        0  components.o(i.rti_board_start)
    rti_board_start                          0x080033fd   Thumb Code     4  components.o(i.rti_board_start)
    i.rti_end                                0x08003400   Section        0  components.o(i.rti_end)
    rti_end                                  0x08003401   Thumb Code     4  components.o(i.rti_end)
    i.rti_start                              0x08003404   Section        0  components.o(i.rti_start)
    rti_start                                0x08003405   Thumb Code     4  components.o(i.rti_start)
    i.rtthread_startup                       0x08003408   Section        0  components.o(i.rtthread_startup)
    i.skip_atoi                              0x08003432   Section        0  kservice.o(i.skip_atoi)
    skip_atoi                                0x08003433   Thumb Code    40  kservice.o(i.skip_atoi)
    .constdata                               0x0800345a   Section        8  stm32f4xx_hal_dma.o(.constdata)
    flagBitshiftOffset                       0x0800345a   Data           8  stm32f4xx_hal_dma.o(.constdata)
    .constdata                               0x08003462   Section       16  system_stm32f4xx.o(.constdata)
    .constdata                               0x08003472   Section        8  system_stm32f4xx.o(.constdata)
    .constdata                               0x0800347a   Section      290  kservice.o(.constdata)
    small_digits                             0x0800357a   Data          17  kservice.o(.constdata)
    large_digits                             0x0800358b   Data          17  kservice.o(.constdata)
    .rti_fn.0                                0x0800359c   Section        4  components.o(.rti_fn.0)
    __tagsym$$used                           0x0800359c   Number         0  components.o(.rti_fn.0)
    .rti_fn.0.end                            0x080035a0   Section        4  components.o(.rti_fn.0.end)
    __tagsym$$used                           0x080035a0   Number         0  components.o(.rti_fn.0.end)
    .rti_fn.1.end                            0x080035a4   Section        4  components.o(.rti_fn.1.end)
    __tagsym$$used                           0x080035a4   Number         0  components.o(.rti_fn.1.end)
    .rti_fn.6.end                            0x080035a8   Section        4  components.o(.rti_fn.6.end)
    __tagsym$$used                           0x080035a8   Number         0  components.o(.rti_fn.6.end)
    .data                                    0x20000000   Section       12  main.o(.data)
    .data                                    0x2000000c   Section       12  stm32f4xx_hal.o(.data)
    .data                                    0x20000018   Section        4  system_stm32f4xx.o(.data)
    .data                                    0x2000001c   Section        4  cpuport.o(.data)
    rt_exception_hook                        0x2000001c   Data           4  cpuport.o(.data)
    .data                                    0x20000020   Section        4  cpuport.o(.data)
    .data                                    0x20000024   Section        4  cpuport.o(.data)
    .data                                    0x20000028   Section        4  cpuport.o(.data)
    .data                                    0x2000002c   Section        4  clock.o(.data)
    rt_tick                                  0x2000002c   Data           4  clock.o(.data)
    .data                                    0x20000030   Section        1  irq.o(.data)
    .data                                    0x20000034   Section       24  mem.o(.data)
    heap_ptr                                 0x20000034   Data           4  mem.o(.data)
    heap_end                                 0x20000038   Data           4  mem.o(.data)
    lfree                                    0x2000003c   Data           4  mem.o(.data)
    mem_size_aligned                         0x20000040   Data           4  mem.o(.data)
    used_mem                                 0x20000044   Data           4  mem.o(.data)
    max_mem                                  0x20000048   Data           4  mem.o(.data)
    .data                                    0x2000004c   Section       64  object.o(.data)
    rt_object_container                      0x2000004c   Data          64  object.o(.data)
    .data                                    0x2000008c   Section       20  scheduler.o(.data)
    rt_scheduler_lock_nest                   0x2000008e   Data           2  scheduler.o(.data)
    .data                                    0x200000a0   Section       12  timer.o(.data)
    random_nr                                0x200000a0   Data           4  timer.o(.data)
    rt_timer_list                            0x200000a4   Data           8  timer.o(.data)
    .bss                                     0x200000ac   Section      168  adc.o(.bss)
    .bss                                     0x20000154   Section      160  usart.o(.bss)
    .bss                                     0x200001f4   Section      376  idle.o(.bss)
    idle                                     0x200001f4   Data         120  idle.o(.bss)
    rt_thread_stack                          0x2000026c   Data         256  idle.o(.bss)
    .bss                                     0x2000036c   Section      128  kservice.o(.bss)
    rt_log_buf                               0x2000036c   Data         128  kservice.o(.bss)
    .bss                                     0x200003ec   Section       32  mem.o(.bss)
    heap_sem                                 0x200003ec   Data          32  mem.o(.bss)
    .bss                                     0x2000040c   Section       64  scheduler.o(.bss)
    .bss                                     0x2000044c   Section     4096  board.o(.bss)
    rt_heap                                  0x2000044c   Data        4096  board.o(.bss)
    STACK                                    0x20001450   Section     1024  startup_stm32f407xx.o(STACK)

    Global Symbols

    Symbol Name                              Value     Ov Type        Size  Object(Section)

    BuildAttributes$$THM_ISAv4$E$P$D$K$B$S$7EM$VFPi3$EXTD16$VFPS$VFMA$PE$A:L22UL41UL21$X:L11$S22US41US21$IEEE1$IW$USESV6$~STKCKD$USESV7$~SHL$OSPACE$EBA8$MICROLIB$REQ8$PRES8$EABIv2 0x00000000   Number         0  anon$$obj.o ABSOLUTE
    __ARM_use_no_argv                        0x00000000   Number         0  main.o ABSOLUTE
    __cpp_initialize__aeabi_                  - Undefined Weak Reference
    __cxa_finalize                            - Undefined Weak Reference
    __decompress                              - Undefined Weak Reference
    _clock_init                               - Undefined Weak Reference
    _microlib_exit                            - Undefined Weak Reference
    __Vectors_Size                           0x00000188   Number         0  startup_stm32f407xx.o ABSOLUTE
    __Vectors                                0x08000000   Data           4  startup_stm32f407xx.o(RESET)
    __Vectors_End                            0x08000188   Data           0  startup_stm32f407xx.o(RESET)
    __main                                   0x08000189   Thumb Code     0  entry.o(.ARM.Collect$$$$00000000)
    _main_stk                                0x08000189   Thumb Code     0  entry2.o(.ARM.Collect$$$$00000001)
    _main_scatterload                        0x0800018d   Thumb Code     0  entry5.o(.ARM.Collect$$$$00000004)
    __main_after_scatterload                 0x08000191   Thumb Code     0  entry5.o(.ARM.Collect$$$$00000004)
    _main_clock                              0x08000191   Thumb Code     0  entry7b.o(.ARM.Collect$$$$00000008)
    _main_cpp_init                           0x08000191   Thumb Code     0  entry8b.o(.ARM.Collect$$$$0000000A)
    _main_init                               0x08000191   Thumb Code     0  entry9a.o(.ARM.Collect$$$$0000000B)
    __rt_final_cpp                           0x08000199   Thumb Code     0  entry10a.o(.ARM.Collect$$$$0000000D)
    __rt_final_exit                          0x08000199   Thumb Code     0  entry11a.o(.ARM.Collect$$$$0000000F)
    Reset_Handler                            0x0800019d   Thumb Code     8  startup_stm32f407xx.o(.text)
    CAN1_RX0_IRQHandler                      0x080001b7   Thumb Code     0  startup_stm32f407xx.o(.text)
    CAN1_RX1_IRQHandler                      0x080001b7   Thumb Code     0  startup_stm32f407xx.o(.text)
    CAN1_SCE_IRQHandler                      0x080001b7   Thumb Code     0  startup_stm32f407xx.o(.text)
    CAN1_TX_IRQHandler                       0x080001b7   Thumb Code     0  startup_stm32f407xx.o(.text)
    CAN2_RX0_IRQHandler                      0x080001b7   Thumb Code     0  startup_stm32f407xx.o(.text)
    CAN2_RX1_IRQHandler                      0x080001b7   Thumb Code     0  startup_stm32f407xx.o(.text)
    CAN2_SCE_IRQHandler                      0x080001b7   Thumb Code     0  startup_stm32f407xx.o(.text)
    CAN2_TX_IRQHandler                       0x080001b7   Thumb Code     0  startup_stm32f407xx.o(.text)
    DCMI_IRQHandler                          0x080001b7   Thumb Code     0  startup_stm32f407xx.o(.text)
    DMA1_Stream0_IRQHandler                  0x080001b7   Thumb Code     0  startup_stm32f407xx.o(.text)
    DMA1_Stream1_IRQHandler                  0x080001b7   Thumb Code     0  startup_stm32f407xx.o(.text)
    DMA1_Stream2_IRQHandler                  0x080001b7   Thumb Code     0  startup_stm32f407xx.o(.text)
    DMA1_Stream3_IRQHandler                  0x080001b7   Thumb Code     0  startup_stm32f407xx.o(.text)
    DMA1_Stream4_IRQHandler                  0x080001b7   Thumb Code     0  startup_stm32f407xx.o(.text)
    DMA1_Stream5_IRQHandler                  0x080001b7   Thumb Code     0  startup_stm32f407xx.o(.text)
    DMA1_Stream6_IRQHandler                  0x080001b7   Thumb Code     0  startup_stm32f407xx.o(.text)
    DMA1_Stream7_IRQHandler                  0x080001b7   Thumb Code     0  startup_stm32f407xx.o(.text)
    DMA2_Stream1_IRQHandler                  0x080001b7   Thumb Code     0  startup_stm32f407xx.o(.text)
    DMA2_Stream3_IRQHandler                  0x080001b7   Thumb Code     0  startup_stm32f407xx.o(.text)
    DMA2_Stream4_IRQHandler                  0x080001b7   Thumb Code     0  startup_stm32f407xx.o(.text)
    DMA2_Stream5_IRQHandler                  0x080001b7   Thumb Code     0  startup_stm32f407xx.o(.text)
    DMA2_Stream6_IRQHandler                  0x080001b7   Thumb Code     0  startup_stm32f407xx.o(.text)
    DMA2_Stream7_IRQHandler                  0x080001b7   Thumb Code     0  startup_stm32f407xx.o(.text)
    ETH_IRQHandler                           0x080001b7   Thumb Code     0  startup_stm32f407xx.o(.text)
    ETH_WKUP_IRQHandler                      0x080001b7   Thumb Code     0  startup_stm32f407xx.o(.text)
    EXTI0_IRQHandler                         0x080001b7   Thumb Code     0  startup_stm32f407xx.o(.text)
    EXTI15_10_IRQHandler                     0x080001b7   Thumb Code     0  startup_stm32f407xx.o(.text)
    EXTI1_IRQHandler                         0x080001b7   Thumb Code     0  startup_stm32f407xx.o(.text)
    EXTI2_IRQHandler                         0x080001b7   Thumb Code     0  startup_stm32f407xx.o(.text)
    EXTI3_IRQHandler                         0x080001b7   Thumb Code     0  startup_stm32f407xx.o(.text)
    EXTI4_IRQHandler                         0x080001b7   Thumb Code     0  startup_stm32f407xx.o(.text)
    EXTI9_5_IRQHandler                       0x080001b7   Thumb Code     0  startup_stm32f407xx.o(.text)
    FLASH_IRQHandler                         0x080001b7   Thumb Code     0  startup_stm32f407xx.o(.text)
    FMC_IRQHandler                           0x080001b7   Thumb Code     0  startup_stm32f407xx.o(.text)
    FPU_IRQHandler                           0x080001b7   Thumb Code     0  startup_stm32f407xx.o(.text)
    HASH_RNG_IRQHandler                      0x080001b7   Thumb Code     0  startup_stm32f407xx.o(.text)
    I2C1_ER_IRQHandler                       0x080001b7   Thumb Code     0  startup_stm32f407xx.o(.text)
    I2C1_EV_IRQHandler                       0x080001b7   Thumb Code     0  startup_stm32f407xx.o(.text)
    I2C2_ER_IRQHandler                       0x080001b7   Thumb Code     0  startup_stm32f407xx.o(.text)
    I2C2_EV_IRQHandler                       0x080001b7   Thumb Code     0  startup_stm32f407xx.o(.text)
    I2C3_ER_IRQHandler                       0x080001b7   Thumb Code     0  startup_stm32f407xx.o(.text)
    I2C3_EV_IRQHandler                       0x080001b7   Thumb Code     0  startup_stm32f407xx.o(.text)
    OTG_FS_IRQHandler                        0x080001b7   Thumb Code     0  startup_stm32f407xx.o(.text)
    OTG_FS_WKUP_IRQHandler                   0x080001b7   Thumb Code     0  startup_stm32f407xx.o(.text)
    OTG_HS_EP1_IN_IRQHandler                 0x080001b7   Thumb Code     0  startup_stm32f407xx.o(.text)
    OTG_HS_EP1_OUT_IRQHandler                0x080001b7   Thumb Code     0  startup_stm32f407xx.o(.text)
    OTG_HS_IRQHandler                        0x080001b7   Thumb Code     0  startup_stm32f407xx.o(.text)
    OTG_HS_WKUP_IRQHandler                   0x080001b7   Thumb Code     0  startup_stm32f407xx.o(.text)
    PVD_IRQHandler                           0x080001b7   Thumb Code     0  startup_stm32f407xx.o(.text)
    RCC_IRQHandler                           0x080001b7   Thumb Code     0  startup_stm32f407xx.o(.text)
    RTC_Alarm_IRQHandler                     0x080001b7   Thumb Code     0  startup_stm32f407xx.o(.text)
    RTC_WKUP_IRQHandler                      0x080001b7   Thumb Code     0  startup_stm32f407xx.o(.text)
    SDIO_IRQHandler                          0x080001b7   Thumb Code     0  startup_stm32f407xx.o(.text)
    SPI1_IRQHandler                          0x080001b7   Thumb Code     0  startup_stm32f407xx.o(.text)
    SPI2_IRQHandler                          0x080001b7   Thumb Code     0  startup_stm32f407xx.o(.text)
    SPI3_IRQHandler                          0x080001b7   Thumb Code     0  startup_stm32f407xx.o(.text)
    TAMP_STAMP_IRQHandler                    0x080001b7   Thumb Code     0  startup_stm32f407xx.o(.text)
    TIM1_BRK_TIM9_IRQHandler                 0x080001b7   Thumb Code     0  startup_stm32f407xx.o(.text)
    TIM1_CC_IRQHandler                       0x080001b7   Thumb Code     0  startup_stm32f407xx.o(.text)
    TIM1_TRG_COM_TIM11_IRQHandler            0x080001b7   Thumb Code     0  startup_stm32f407xx.o(.text)
    TIM1_UP_TIM10_IRQHandler                 0x080001b7   Thumb Code     0  startup_stm32f407xx.o(.text)
    TIM2_IRQHandler                          0x080001b7   Thumb Code     0  startup_stm32f407xx.o(.text)
    TIM3_IRQHandler                          0x080001b7   Thumb Code     0  startup_stm32f407xx.o(.text)
    TIM4_IRQHandler                          0x080001b7   Thumb Code     0  startup_stm32f407xx.o(.text)
    TIM5_IRQHandler                          0x080001b7   Thumb Code     0  startup_stm32f407xx.o(.text)
    TIM6_DAC_IRQHandler                      0x080001b7   Thumb Code     0  startup_stm32f407xx.o(.text)
    TIM7_IRQHandler                          0x080001b7   Thumb Code     0  startup_stm32f407xx.o(.text)
    TIM8_BRK_TIM12_IRQHandler                0x080001b7   Thumb Code     0  startup_stm32f407xx.o(.text)
    TIM8_CC_IRQHandler                       0x080001b7   Thumb Code     0  startup_stm32f407xx.o(.text)
    TIM8_TRG_COM_TIM14_IRQHandler            0x080001b7   Thumb Code     0  startup_stm32f407xx.o(.text)
    TIM8_UP_TIM13_IRQHandler                 0x080001b7   Thumb Code     0  startup_stm32f407xx.o(.text)
    UART4_IRQHandler                         0x080001b7   Thumb Code     0  startup_stm32f407xx.o(.text)
    UART5_IRQHandler                         0x080001b7   Thumb Code     0  startup_stm32f407xx.o(.text)
    USART2_IRQHandler                        0x080001b7   Thumb Code     0  startup_stm32f407xx.o(.text)
    USART3_IRQHandler                        0x080001b7   Thumb Code     0  startup_stm32f407xx.o(.text)
    USART6_IRQHandler                        0x080001b7   Thumb Code     0  startup_stm32f407xx.o(.text)
    WWDG_IRQHandler                          0x080001b7   Thumb Code     0  startup_stm32f407xx.o(.text)
    rt_hw_interrupt_disable                  0x080001c1   Thumb Code     8  context_rvds.o(.text)
    rt_hw_interrupt_enable                   0x080001c9   Thumb Code     6  context_rvds.o(.text)
    rt_hw_context_switch                     0x080001cf   Thumb Code    32  context_rvds.o(.text)
    rt_hw_context_switch_interrupt           0x080001cf   Thumb Code     0  context_rvds.o(.text)
    PendSV_Handler                           0x080001ef   Thumb Code   108  context_rvds.o(.text)
    rt_hw_context_switch_to                  0x0800025b   Thumb Code    70  context_rvds.o(.text)
    rt_hw_interrupt_thread_switch            0x080002a1   Thumb Code     2  context_rvds.o(.text)
    HardFault_Handler                        0x080002a3   Thumb Code    56  context_rvds.o(.text)
    __aeabi_uldivmod                         0x080002f5   Thumb Code    98  uldiv.o(.text)
    __aeabi_memset                           0x08000357   Thumb Code    14  memseta.o(.text)
    __aeabi_memset4                          0x08000357   Thumb Code     0  memseta.o(.text)
    __aeabi_memset8                          0x08000357   Thumb Code     0  memseta.o(.text)
    __aeabi_memclr                           0x08000365   Thumb Code     4  memseta.o(.text)
    __aeabi_memclr4                          0x08000365   Thumb Code     0  memseta.o(.text)
    __aeabi_memclr8                          0x08000365   Thumb Code     0  memseta.o(.text)
    _memset$wrapper                          0x08000369   Thumb Code    18  memseta.o(.text)
    __aeabi_llsl                             0x0800037b   Thumb Code    30  llshl.o(.text)
    _ll_shift_l                              0x0800037b   Thumb Code     0  llshl.o(.text)
    __aeabi_llsr                             0x08000399   Thumb Code    32  llushr.o(.text)
    _ll_ushift_r                             0x08000399   Thumb Code     0  llushr.o(.text)
    __scatterload                            0x080003b9   Thumb Code    28  init.o(.text)
    __scatterload_rt2                        0x080003b9   Thumb Code     0  init.o(.text)
    main                                     0x080003dd   Thumb Code    10  components.o(i.$Sub$$main)
    ADC_IRQHandler                           0x08000475   Thumb Code     6  stm32f4xx_it.o(i.ADC_IRQHandler)
    AdcTestThread_Func                       0x080005a9   Thumb Code    42  main.o(i.AdcTestThread_Func)
    BusFault_Handler                         0x080005e1   Thumb Code     2  stm32f4xx_it.o(i.BusFault_Handler)
    DMA2_Stream0_IRQHandler                  0x080005e5   Thumb Code     6  stm32f4xx_it.o(i.DMA2_Stream0_IRQHandler)
    DMA2_Stream2_IRQHandler                  0x080005f1   Thumb Code     6  stm32f4xx_it.o(i.DMA2_Stream2_IRQHandler)
    DebugMon_Handler                         0x080006a1   Thumb Code     2  stm32f4xx_it.o(i.DebugMon_Handler)
    Error_Handler                            0x080006a3   Thumb Code     2  main.o(i.Error_Handler)
    HAL_ADCEx_InjectedConvCpltCallback       0x080006a5   Thumb Code     2  stm32f4xx_hal_adc_ex.o(i.HAL_ADCEx_InjectedConvCpltCallback)
    HAL_ADC_ConfigChannel                    0x080006a9   Thumb Code   316  stm32f4xx_hal_adc.o(i.HAL_ADC_ConfigChannel)
    HAL_ADC_ConvCpltCallback                 0x080007f5   Thumb Code     2  stm32f4xx_hal_adc.o(i.HAL_ADC_ConvCpltCallback)
    HAL_ADC_ConvHalfCpltCallback             0x080007f7   Thumb Code     2  stm32f4xx_hal_adc.o(i.HAL_ADC_ConvHalfCpltCallback)
    HAL_ADC_ErrorCallback                    0x080007f9   Thumb Code     2  stm32f4xx_hal_adc.o(i.HAL_ADC_ErrorCallback)
    HAL_ADC_IRQHandler                       0x080007fb   Thumb Code   316  stm32f4xx_hal_adc.o(i.HAL_ADC_IRQHandler)
    HAL_ADC_Init                             0x08000937   Thumb Code    84  stm32f4xx_hal_adc.o(i.HAL_ADC_Init)
    HAL_ADC_LevelOutOfWindowCallback         0x0800098b   Thumb Code     2  stm32f4xx_hal_adc.o(i.HAL_ADC_LevelOutOfWindowCallback)
    HAL_ADC_MspInit                          0x0800098d   Thumb Code   144  adc.o(i.HAL_ADC_MspInit)
    HAL_ADC_Start_DMA                        0x08000a31   Thumb Code   268  stm32f4xx_hal_adc.o(i.HAL_ADC_Start_DMA)
    HAL_DMA_Abort_IT                         0x08000b61   Thumb Code    36  stm32f4xx_hal_dma.o(i.HAL_DMA_Abort_IT)
    HAL_DMA_IRQHandler                       0x08000b85   Thumb Code   412  stm32f4xx_hal_dma.o(i.HAL_DMA_IRQHandler)
    HAL_DMA_Init                             0x08000d25   Thumb Code   206  stm32f4xx_hal_dma.o(i.HAL_DMA_Init)
    HAL_DMA_Start_IT                         0x08000df9   Thumb Code   110  stm32f4xx_hal_dma.o(i.HAL_DMA_Start_IT)
    HAL_GPIO_Init                            0x08000e69   Thumb Code   394  stm32f4xx_hal_gpio.o(i.HAL_GPIO_Init)
    HAL_GPIO_TogglePin                       0x08001021   Thumb Code    14  stm32f4xx_hal_gpio.o(i.HAL_GPIO_TogglePin)
    HAL_GPIO_WritePin                        0x0800102f   Thumb Code    10  stm32f4xx_hal_gpio.o(i.HAL_GPIO_WritePin)
    HAL_GetTick                              0x08001039   Thumb Code     6  stm32f4xx_hal.o(i.HAL_GetTick)
    HAL_Init                                 0x08001045   Thumb Code    48  stm32f4xx_hal.o(i.HAL_Init)
    HAL_InitTick                             0x08001079   Thumb Code    54  stm32f4xx_hal.o(i.HAL_InitTick)
    HAL_MspInit                              0x080010b9   Thumb Code    42  stm32f4xx_hal_msp.o(i.HAL_MspInit)
    HAL_NVIC_EnableIRQ                       0x080010e9   Thumb Code    26  stm32f4xx_hal_cortex.o(i.HAL_NVIC_EnableIRQ)
    HAL_NVIC_SetPriority                     0x08001105   Thumb Code    60  stm32f4xx_hal_cortex.o(i.HAL_NVIC_SetPriority)
    HAL_NVIC_SetPriorityGrouping             0x08001145   Thumb Code    26  stm32f4xx_hal_cortex.o(i.HAL_NVIC_SetPriorityGrouping)
    HAL_RCC_ClockConfig                      0x08001169   Thumb Code   288  stm32f4xx_hal_rcc.o(i.HAL_RCC_ClockConfig)
    HAL_RCC_GetPCLK1Freq                     0x0800129d   Thumb Code    20  stm32f4xx_hal_rcc.o(i.HAL_RCC_GetPCLK1Freq)
    HAL_RCC_GetPCLK2Freq                     0x080012bd   Thumb Code    20  stm32f4xx_hal_rcc.o(i.HAL_RCC_GetPCLK2Freq)
    HAL_RCC_GetSysClockFreq                  0x080012dd   Thumb Code    88  stm32f4xx_hal_rcc.o(i.HAL_RCC_GetSysClockFreq)
    HAL_RCC_OscConfig                        0x0800133d   Thumb Code   834  stm32f4xx_hal_rcc.o(i.HAL_RCC_OscConfig)
    HAL_SYSTICK_Config                       0x08001699   Thumb Code    40  stm32f4xx_hal_cortex.o(i.HAL_SYSTICK_Config)
    HAL_UART_ErrorCallback                   0x080016c1   Thumb Code     2  stm32f4xx_hal_uart.o(i.HAL_UART_ErrorCallback)
    HAL_UART_IRQHandler                      0x080016c5   Thumb Code   270  stm32f4xx_hal_uart.o(i.HAL_UART_IRQHandler)
    HAL_UART_Init                            0x080017d9   Thumb Code    98  stm32f4xx_hal_uart.o(i.HAL_UART_Init)
    HAL_UART_MspInit                         0x0800183d   Thumb Code   160  usart.o(i.HAL_UART_MspInit)
    HAL_UART_RxCpltCallback                  0x080018f1   Thumb Code     2  stm32f4xx_hal_uart.o(i.HAL_UART_RxCpltCallback)
    HAL_UART_TxCpltCallback                  0x080018f3   Thumb Code     2  stm32f4xx_hal_uart.o(i.HAL_UART_TxCpltCallback)
    MX_ADC1_Init                             0x080018f5   Thumb Code   106  adc.o(i.MX_ADC1_Init)
    MX_DMA_Init                              0x0800196d   Thumb Code    56  dma.o(i.MX_DMA_Init)
    MX_GPIO_Init                             0x080019a9   Thumb Code   118  gpio.o(i.MX_GPIO_Init)
    MX_USART1_UART_Init                      0x08001a29   Thumb Code    48  usart.o(i.MX_USART1_UART_Init)
    MemManage_Handler                        0x08001a61   Thumb Code     2  stm32f4xx_it.o(i.MemManage_Handler)
    NMI_Handler                              0x08001a63   Thumb Code     2  stm32f4xx_it.o(i.NMI_Handler)
    SVC_Handler                              0x08001a65   Thumb Code     2  stm32f4xx_it.o(i.SVC_Handler)
    SysTick_Handler                          0x08001a67   Thumb Code    18  board.o(i.SysTick_Handler)
    SystemClock_Config                       0x08001a79   Thumb Code   118  main.o(i.SystemClock_Config)
    SystemCoreClockUpdate                    0x08001af9   Thumb Code   104  system_stm32f4xx.o(i.SystemCoreClockUpdate)
    SystemInit                               0x08001b71   Thumb Code    22  system_stm32f4xx.o(i.SystemInit)
    USART1_IRQHandler                        0x08001ddd   Thumb Code     6  stm32f4xx_it.o(i.USART1_IRQHandler)
    UsageFault_Handler                       0x08001de9   Thumb Code     2  stm32f4xx_it.o(i.UsageFault_Handler)
    __rt_ffs                                 0x08001e0d   Thumb Code    64  kservice.o(i.__rt_ffs)
    __scatterload_copy                       0x08001e51   Thumb Code    14  handlers.o(i.__scatterload_copy)
    __scatterload_null                       0x08001e5f   Thumb Code     2  handlers.o(i.__scatterload_null)
    __scatterload_zeroinit                   0x08001e61   Thumb Code    14  handlers.o(i.__scatterload_zeroinit)
    $Super$$main                             0x08001f35   Thumb Code    80  main.o(i.main)
    main_thread_entry                        0x08001f95   Thumb Code    14  components.o(i.main_thread_entry)
    rt_application_init                      0x08002129   Thumb Code    30  components.o(i.rt_application_init)
    rt_components_board_init                 0x08002155   Thumb Code    20  components.o(i.rt_components_board_init)
    rt_components_init                       0x08002171   Thumb Code    20  components.o(i.rt_components_init)
    rt_enter_critical                        0x0800218d   Thumb Code    22  scheduler.o(i.rt_enter_critical)
    rt_exit_critical                         0x080021a9   Thumb Code    52  scheduler.o(i.rt_exit_critical)
    rt_free                                  0x080021e1   Thumb Code   112  mem.o(i.rt_free)
    rt_heap_begin_get                        0x080022a5   Thumb Code     4  board.o(i.rt_heap_begin_get)
    rt_heap_end_get                          0x080022ad   Thumb Code     4  board.o(i.rt_heap_end_get)
    rt_hw_board_init                         0x080022b5   Thumb Code    70  board.o(i.rt_hw_board_init)
    rt_hw_console_output                     0x08002305   Thumb Code     2  kservice.o(i.rt_hw_console_output)
    rt_hw_hard_fault_exception               0x08002309   Thumb Code   190  cpuport.o(i.rt_hw_hard_fault_exception)
    rt_hw_stack_init                         0x08002519   Thumb Code    54  cpuport.o(i.rt_hw_stack_init)
    rt_interrupt_enter                       0x08002555   Thumb Code    22  irq.o(i.rt_interrupt_enter)
    rt_interrupt_leave                       0x08002571   Thumb Code    22  irq.o(i.rt_interrupt_leave)
    rt_kprintf                               0x080025e1   Thumb Code    28  kservice.o(i.rt_kprintf)
    rt_malloc                                0x0800265d   Thumb Code   232  mem.o(i.rt_malloc)
    rt_memset                                0x0800274d   Thumb Code    70  kservice.o(i.rt_memset)
    rt_object_allocate                       0x08002793   Thumb Code    80  object.o(i.rt_object_allocate)
    rt_object_delete                         0x080027e3   Thumb Code    38  object.o(i.rt_object_delete)
    rt_object_detach                         0x08002809   Thumb Code    32  object.o(i.rt_object_detach)
    rt_object_get_information                0x08002829   Thumb Code    30  object.o(i.rt_object_get_information)
    rt_object_init                           0x0800284d   Thumb Code    80  object.o(i.rt_object_init)
    rt_object_is_systemobject                0x0800289d   Thumb Code    14  object.o(i.rt_object_is_systemobject)
    rt_schedule                              0x080028ad   Thumb Code    76  scheduler.o(i.rt_schedule)
    rt_schedule_insert_thread                0x08002905   Thumb Code    70  scheduler.o(i.rt_schedule_insert_thread)
    rt_schedule_remove_thread                0x08002955   Thumb Code    64  scheduler.o(i.rt_schedule_remove_thread)
    rt_sem_init                              0x0800299d   Thumb Code    36  ipc.o(i.rt_sem_init)
    rt_sem_release                           0x080029c1   Thumb Code    54  ipc.o(i.rt_sem_release)
    rt_sem_take                              0x080029f7   Thumb Code   110  ipc.o(i.rt_sem_take)
    rt_show_version                          0x08002a65   Thumb Code    40  kservice.o(i.rt_show_version)
    rt_strlen                                0x08002b15   Thumb Code    16  kservice.o(i.rt_strlen)
    rt_strncpy                               0x08002b25   Thumb Code    38  kservice.o(i.rt_strncpy)
    rt_system_heap_init                      0x08002b4d   Thumb Code    96  mem.o(i.rt_system_heap_init)
    rt_system_scheduler_init                 0x08002bf9   Thumb Code    44  scheduler.o(i.rt_system_scheduler_init)
    rt_system_scheduler_start                0x08002c2d   Thumb Code    32  scheduler.o(i.rt_system_scheduler_start)
    rt_system_timer_init                     0x08002c55   Thumb Code     8  timer.o(i.rt_system_timer_init)
    rt_system_timer_thread_init              0x08002c61   Thumb Code     2  timer.o(i.rt_system_timer_thread_init)
    rt_thread_create                         0x08002c63   Thumb Code    72  thread.o(i.rt_thread_create)
    rt_thread_exit                           0x08002cad   Thumb Code    78  thread.o(i.rt_thread_exit)
    rt_thread_idle_excute                    0x08002d0d   Thumb Code   114  idle.o(i.rt_thread_idle_excute)
    rt_thread_idle_init                      0x08002d85   Thumb Code    40  idle.o(i.rt_thread_idle_init)
    rt_thread_init                           0x08002dbd   Thumb Code    48  thread.o(i.rt_thread_init)
    rt_thread_mdelay                         0x08002ded   Thumb Code    14  thread.o(i.rt_thread_mdelay)
    rt_thread_resume                         0x08002dfb   Thumb Code    60  thread.o(i.rt_thread_resume)
    rt_thread_self                           0x08002e39   Thumb Code     6  thread.o(i.rt_thread_self)
    rt_thread_sleep                          0x08002e45   Thumb Code    60  thread.o(i.rt_thread_sleep)
    rt_thread_startup                        0x08002e85   Thumb Code    40  thread.o(i.rt_thread_startup)
    rt_thread_suspend                        0x08002eb1   Thumb Code    66  thread.o(i.rt_thread_suspend)
    rt_thread_timeout                        0x08002ef3   Thumb Code    32  thread.o(i.rt_thread_timeout)
    rt_thread_yield                          0x08002f15   Thumb Code    86  thread.o(i.rt_thread_yield)
    rt_tick_from_millisecond                 0x08002f75   Thumb Code    50  clock.o(i.rt_tick_from_millisecond)
    rt_tick_get                              0x08002fa9   Thumb Code     6  clock.o(i.rt_tick_get)
    rt_tick_increase                         0x08002fb5   Thumb Code    38  clock.o(i.rt_tick_increase)
    rt_timer_check                           0x08002fe1   Thumb Code    98  timer.o(i.rt_timer_check)
    rt_timer_control                         0x08003049   Thumb Code    48  timer.o(i.rt_timer_control)
    rt_timer_detach                          0x08003079   Thumb Code    32  timer.o(i.rt_timer_detach)
    rt_timer_init                            0x08003099   Thumb Code    40  timer.o(i.rt_timer_init)
    rt_timer_start                           0x080030c1   Thumb Code   136  timer.o(i.rt_timer_start)
    rt_timer_stop                            0x0800314d   Thumb Code    46  timer.o(i.rt_timer_stop)
    rt_vsnprintf                             0x0800317d   Thumb Code   626  kservice.o(i.rt_vsnprintf)
    rtthread_startup                         0x08003409   Thumb Code    42  components.o(i.rtthread_startup)
    AHBPrescTable                            0x08003462   Data          16  system_stm32f4xx.o(.constdata)
    APBPrescTable                            0x08003472   Data           8  system_stm32f4xx.o(.constdata)
    __lowest_bit_bitmap                      0x0800347a   Data         256  kservice.o(.constdata)
    __rt_init_rti_start                      0x0800359c   Data           4  components.o(.rti_fn.0)
    __rt_init_rti_board_start                0x080035a0   Data           4  components.o(.rti_fn.0.end)
    __rt_init_rti_board_end                  0x080035a4   Data           4  components.o(.rti_fn.1.end)
    __rt_init_rti_end                        0x080035a8   Data           4  components.o(.rti_fn.6.end)
    Region$$Table$$Base                      0x080035ac   Number         0  anon$$obj.o(Region$$Table)
    Region$$Table$$Limit                     0x080035cc   Number         0  anon$$obj.o(Region$$Table)
    Adc_testThread                           0x20000000   Data           4  main.o(.data)
    ADC_IN                                   0x20000004   Data           8  main.o(.data)
    uwTickFreq                               0x2000000c   Data           1  stm32f4xx_hal.o(.data)
    uwTickPrio                               0x20000010   Data           4  stm32f4xx_hal.o(.data)
    uwTick                                   0x20000014   Data           4  stm32f4xx_hal.o(.data)
    SystemCoreClock                          0x20000018   Data           4  system_stm32f4xx.o(.data)
    rt_interrupt_from_thread                 0x20000020   Data           4  cpuport.o(.data)
    rt_interrupt_to_thread                   0x20000024   Data           4  cpuport.o(.data)
    rt_thread_switch_interrupt_flag          0x20000028   Data           4  cpuport.o(.data)
    rt_interrupt_nest                        0x20000030   Data           1  irq.o(.data)
    rt_current_priority                      0x2000008c   Data           1  scheduler.o(.data)
    rt_current_thread                        0x20000090   Data           4  scheduler.o(.data)
    rt_thread_ready_priority_group           0x20000094   Data           4  scheduler.o(.data)
    rt_thread_defunct                        0x20000098   Data           8  scheduler.o(.data)
    hadc1                                    0x200000ac   Data          72  adc.o(.bss)
    hdma_adc1                                0x200000f4   Data          96  adc.o(.bss)
    huart1                                   0x20000154   Data          64  usart.o(.bss)
    hdma_usart1_rx                           0x20000194   Data          96  usart.o(.bss)
    rt_thread_priority_table                 0x2000040c   Data          64  scheduler.o(.bss)
    __initial_sp                             0x20001850   Data           0  startup_stm32f407xx.o(STACK)



==============================================================================

Memory Map of the image

  Image Entry point : 0x08000189

  Load Region LR_IROM1 (Base: 0x08000000, Size: 0x00003678, Max: 0x00100000, ABSOLUTE)

    Execution Region ER_IROM1 (Exec base: 0x08000000, Load base: 0x08000000, Size: 0x000035cc, Max: 0x00100000, ABSOLUTE)

    Exec Addr    Load Addr    Size         Type   Attr      Idx    E Section Name        Object

    0x08000000   0x08000000   0x00000188   Data   RO            3    RESET               startup_stm32f407xx.o
    0x08000188   0x08000188   0x00000000   Code   RO         3213  * .ARM.Collect$$$$00000000  mc_w.l(entry.o)
    0x08000188   0x08000188   0x00000004   Code   RO         3220    .ARM.Collect$$$$00000001  mc_w.l(entry2.o)
    0x0800018c   0x0800018c   0x00000004   Code   RO         3223    .ARM.Collect$$$$00000004  mc_w.l(entry5.o)
    0x08000190   0x08000190   0x00000000   Code   RO         3225    .ARM.Collect$$$$00000008  mc_w.l(entry7b.o)
    0x08000190   0x08000190   0x00000000   Code   RO         3227    .ARM.Collect$$$$0000000A  mc_w.l(entry8b.o)
    0x08000190   0x08000190   0x00000008   Code   RO         3228    .ARM.Collect$$$$0000000B  mc_w.l(entry9a.o)
    0x08000198   0x08000198   0x00000000   Code   RO         3230    .ARM.Collect$$$$0000000D  mc_w.l(entry10a.o)
    0x08000198   0x08000198   0x00000000   Code   RO         3232    .ARM.Collect$$$$0000000F  mc_w.l(entry11a.o)
    0x08000198   0x08000198   0x00000004   Code   RO         3221    .ARM.Collect$$$$00002712  mc_w.l(entry2.o)
    0x0800019c   0x0800019c   0x00000024   Code   RO            4    .text               startup_stm32f407xx.o
    0x080001c0   0x080001c0   0x00000134   Code   RO         2266    .text               context_rvds.o
    0x080002f4   0x080002f4   0x00000062   Code   RO         3216    .text               mc_w.l(uldiv.o)
    0x08000356   0x08000356   0x00000024   Code   RO         3218    .text               mc_w.l(memseta.o)
    0x0800037a   0x0800037a   0x0000001e   Code   RO         3234    .text               mc_w.l(llshl.o)
    0x08000398   0x08000398   0x00000020   Code   RO         3236    .text               mc_w.l(llushr.o)
    0x080003b8   0x080003b8   0x00000024   Code   RO         3238    .text               mc_w.l(init.o)
    0x080003dc   0x080003dc   0x0000000a   Code   RO         2353    i.$Sub$$main        components.o
    0x080003e6   0x080003e6   0x0000006e   Code   RO          462    i.ADC_DMAConvCplt   stm32f4xx_hal_adc.o
    0x08000454   0x08000454   0x00000016   Code   RO          463    i.ADC_DMAError      stm32f4xx_hal_adc.o
    0x0800046a   0x0800046a   0x0000000a   Code   RO          464    i.ADC_DMAHalfConvCplt  stm32f4xx_hal_adc.o
    0x08000474   0x08000474   0x0000000c   Code   RO          356    i.ADC_IRQHandler    stm32f4xx_it.o
    0x08000480   0x08000480   0x00000128   Code   RO          465    i.ADC_Init          stm32f4xx_hal_adc.o
    0x080005a8   0x080005a8   0x00000038   Code   RO           13    i.AdcTestThread_Func  main.o
    0x080005e0   0x080005e0   0x00000002   Code   RO          357    i.BusFault_Handler  stm32f4xx_it.o
    0x080005e2   0x080005e2   0x00000002   PAD
    0x080005e4   0x080005e4   0x0000000c   Code   RO          358    i.DMA2_Stream0_IRQHandler  stm32f4xx_it.o
    0x080005f0   0x080005f0   0x0000000c   Code   RO          359    i.DMA2_Stream2_IRQHandler  stm32f4xx_it.o
    0x080005fc   0x080005fc   0x00000028   Code   RO         1196    i.DMA_CalcBaseAndBitshift  stm32f4xx_hal_dma.o
    0x08000624   0x08000624   0x00000054   Code   RO         1197    i.DMA_CheckFifoParam  stm32f4xx_hal_dma.o
    0x08000678   0x08000678   0x00000028   Code   RO         1198    i.DMA_SetConfig     stm32f4xx_hal_dma.o
    0x080006a0   0x080006a0   0x00000002   Code   RO          360    i.DebugMon_Handler  stm32f4xx_it.o
    0x080006a2   0x080006a2   0x00000002   Code   RO           14    i.Error_Handler     main.o
    0x080006a4   0x080006a4   0x00000002   Code   RO          636    i.HAL_ADCEx_InjectedConvCpltCallback  stm32f4xx_hal_adc_ex.o
    0x080006a6   0x080006a6   0x00000002   PAD
    0x080006a8   0x080006a8   0x0000014c   Code   RO          467    i.HAL_ADC_ConfigChannel  stm32f4xx_hal_adc.o
    0x080007f4   0x080007f4   0x00000002   Code   RO          468    i.HAL_ADC_ConvCpltCallback  stm32f4xx_hal_adc.o
    0x080007f6   0x080007f6   0x00000002   Code   RO          469    i.HAL_ADC_ConvHalfCpltCallback  stm32f4xx_hal_adc.o
    0x080007f8   0x080007f8   0x00000002   Code   RO          471    i.HAL_ADC_ErrorCallback  stm32f4xx_hal_adc.o
    0x080007fa   0x080007fa   0x0000013c   Code   RO          475    i.HAL_ADC_IRQHandler  stm32f4xx_hal_adc.o
    0x08000936   0x08000936   0x00000054   Code   RO          476    i.HAL_ADC_Init      stm32f4xx_hal_adc.o
    0x0800098a   0x0800098a   0x00000002   Code   RO          477    i.HAL_ADC_LevelOutOfWindowCallback  stm32f4xx_hal_adc.o
    0x0800098c   0x0800098c   0x000000a4   Code   RO          222    i.HAL_ADC_MspInit   adc.o
    0x08000a30   0x08000a30   0x00000130   Code   RO          483    i.HAL_ADC_Start_DMA  stm32f4xx_hal_adc.o
    0x08000b60   0x08000b60   0x00000024   Code   RO         1200    i.HAL_DMA_Abort_IT  stm32f4xx_hal_dma.o
    0x08000b84   0x08000b84   0x000001a0   Code   RO         1204    i.HAL_DMA_IRQHandler  stm32f4xx_hal_dma.o
    0x08000d24   0x08000d24   0x000000d4   Code   RO         1205    i.HAL_DMA_Init      stm32f4xx_hal_dma.o
    0x08000df8   0x08000df8   0x0000006e   Code   RO         1209    i.HAL_DMA_Start_IT  stm32f4xx_hal_dma.o
    0x08000e66   0x08000e66   0x00000002   PAD
    0x08000e68   0x08000e68   0x000001b8   Code   RO         1092    i.HAL_GPIO_Init     stm32f4xx_hal_gpio.o
    0x08001020   0x08001020   0x0000000e   Code   RO         1095    i.HAL_GPIO_TogglePin  stm32f4xx_hal_gpio.o
    0x0800102e   0x0800102e   0x0000000a   Code   RO         1096    i.HAL_GPIO_WritePin  stm32f4xx_hal_gpio.o
    0x08001038   0x08001038   0x0000000c   Code   RO         1624    i.HAL_GetTick       stm32f4xx_hal.o
    0x08001044   0x08001044   0x00000034   Code   RO         1631    i.HAL_Init          stm32f4xx_hal.o
    0x08001078   0x08001078   0x00000040   Code   RO         1632    i.HAL_InitTick      stm32f4xx_hal.o
    0x080010b8   0x080010b8   0x00000030   Code   RO          438    i.HAL_MspInit       stm32f4xx_hal_msp.o
    0x080010e8   0x080010e8   0x0000001a   Code   RO         1481    i.HAL_NVIC_EnableIRQ  stm32f4xx_hal_cortex.o
    0x08001102   0x08001102   0x00000002   PAD
    0x08001104   0x08001104   0x00000040   Code   RO         1487    i.HAL_NVIC_SetPriority  stm32f4xx_hal_cortex.o
    0x08001144   0x08001144   0x00000024   Code   RO         1488    i.HAL_NVIC_SetPriorityGrouping  stm32f4xx_hal_cortex.o
    0x08001168   0x08001168   0x00000134   Code   RO          738    i.HAL_RCC_ClockConfig  stm32f4xx_hal_rcc.o
    0x0800129c   0x0800129c   0x00000020   Code   RO          745    i.HAL_RCC_GetPCLK1Freq  stm32f4xx_hal_rcc.o
    0x080012bc   0x080012bc   0x00000020   Code   RO          746    i.HAL_RCC_GetPCLK2Freq  stm32f4xx_hal_rcc.o
    0x080012dc   0x080012dc   0x00000060   Code   RO          747    i.HAL_RCC_GetSysClockFreq  stm32f4xx_hal_rcc.o
    0x0800133c   0x0800133c   0x0000035c   Code   RO          750    i.HAL_RCC_OscConfig  stm32f4xx_hal_rcc.o
    0x08001698   0x08001698   0x00000028   Code   RO         1492    i.HAL_SYSTICK_Config  stm32f4xx_hal_cortex.o
    0x080016c0   0x080016c0   0x00000002   Code   RO         1926    i.HAL_UART_ErrorCallback  stm32f4xx_hal_uart.o
    0x080016c2   0x080016c2   0x00000002   PAD
    0x080016c4   0x080016c4   0x00000114   Code   RO         1929    i.HAL_UART_IRQHandler  stm32f4xx_hal_uart.o
    0x080017d8   0x080017d8   0x00000062   Code   RO         1930    i.HAL_UART_Init     stm32f4xx_hal_uart.o
    0x0800183a   0x0800183a   0x00000002   PAD
    0x0800183c   0x0800183c   0x000000b4   Code   RO          315    i.HAL_UART_MspInit  usart.o
    0x080018f0   0x080018f0   0x00000002   Code   RO         1936    i.HAL_UART_RxCpltCallback  stm32f4xx_hal_uart.o
    0x080018f2   0x080018f2   0x00000002   Code   RO         1941    i.HAL_UART_TxCpltCallback  stm32f4xx_hal_uart.o
    0x080018f4   0x080018f4   0x00000078   Code   RO          223    i.MX_ADC1_Init      adc.o
    0x0800196c   0x0800196c   0x0000003c   Code   RO          263    i.MX_DMA_Init       dma.o
    0x080019a8   0x080019a8   0x00000080   Code   RO          197    i.MX_GPIO_Init      gpio.o
    0x08001a28   0x08001a28   0x00000038   Code   RO          316    i.MX_USART1_UART_Init  usart.o
    0x08001a60   0x08001a60   0x00000002   Code   RO          361    i.MemManage_Handler  stm32f4xx_it.o
    0x08001a62   0x08001a62   0x00000002   Code   RO          362    i.NMI_Handler       stm32f4xx_it.o
    0x08001a64   0x08001a64   0x00000002   Code   RO          363    i.SVC_Handler       stm32f4xx_it.o
    0x08001a66   0x08001a66   0x00000012   Code   RO         3180    i.SysTick_Handler   board.o
    0x08001a78   0x08001a78   0x00000080   Code   RO           15    i.SystemClock_Config  main.o
    0x08001af8   0x08001af8   0x00000078   Code   RO         2231    i.SystemCoreClockUpdate  system_stm32f4xx.o
    0x08001b70   0x08001b70   0x0000001c   Code   RO         2232    i.SystemInit        system_stm32f4xx.o
    0x08001b8c   0x08001b8c   0x00000010   Code   RO         1943    i.UART_DMAAbortOnError  stm32f4xx_hal_uart.o
    0x08001b9c   0x08001b9c   0x0000001c   Code   RO         1953    i.UART_EndRxTransfer  stm32f4xx_hal_uart.o
    0x08001bb8   0x08001bb8   0x00000096   Code   RO         1955    i.UART_Receive_IT   stm32f4xx_hal_uart.o
    0x08001c4e   0x08001c4e   0x00000002   PAD
    0x08001c50   0x08001c50   0x00000128   Code   RO         1956    i.UART_SetConfig    stm32f4xx_hal_uart.o
    0x08001d78   0x08001d78   0x00000062   Code   RO         1957    i.UART_Transmit_IT  stm32f4xx_hal_uart.o
    0x08001dda   0x08001dda   0x00000002   PAD
    0x08001ddc   0x08001ddc   0x0000000c   Code   RO          364    i.USART1_IRQHandler  stm32f4xx_it.o
    0x08001de8   0x08001de8   0x00000002   Code   RO          365    i.UsageFault_Handler  stm32f4xx_it.o
    0x08001dea   0x08001dea   0x00000020   Code   RO         1494    i.__NVIC_SetPriority  stm32f4xx_hal_cortex.o
    0x08001e0a   0x08001e0a   0x00000002   PAD
    0x08001e0c   0x08001e0c   0x00000044   Code   RO         2607    i.__rt_ffs          kservice.o
    0x08001e50   0x08001e50   0x0000000e   Code   RO         3242    i.__scatterload_copy  mc_w.l(handlers.o)
    0x08001e5e   0x08001e5e   0x00000002   Code   RO         3243    i.__scatterload_null  mc_w.l(handlers.o)
    0x08001e60   0x08001e60   0x0000000e   Code   RO         3244    i.__scatterload_zeroinit  mc_w.l(handlers.o)
    0x08001e6e   0x08001e6e   0x00000002   PAD
    0x08001e70   0x08001e70   0x00000014   Code   RO         2420    i._has_defunct_thread  idle.o
    0x08001e84   0x08001e84   0x00000080   Code   RO         2968    i._rt_thread_init   thread.o
    0x08001f04   0x08001f04   0x0000001c   Code   RO         3088    i._rt_timer_init    timer.o
    0x08001f20   0x08001f20   0x00000012   Code   RO         3089    i._rt_timer_remove  timer.o
    0x08001f32   0x08001f32   0x00000002   PAD
    0x08001f34   0x08001f34   0x00000060   Code   RO           16    i.main              main.o
    0x08001f94   0x08001f94   0x0000000e   Code   RO         2354    i.main_thread_entry  components.o
    0x08001fa2   0x08001fa2   0x00000002   PAD
    0x08001fa4   0x08001fa4   0x00000054   Code   RO         2781    i.plug_holes        mem.o
    0x08001ff8   0x08001ff8   0x00000130   Code   RO         2609    i.print_number      kservice.o
    0x08002128   0x08002128   0x0000002c   Code   RO         2355    i.rt_application_init  components.o
    0x08002154   0x08002154   0x0000001c   Code   RO         2356    i.rt_components_board_init  components.o
    0x08002170   0x08002170   0x0000001c   Code   RO         2357    i.rt_components_init  components.o
    0x0800218c   0x0800218c   0x0000001c   Code   RO         2907    i.rt_enter_critical  scheduler.o
    0x080021a8   0x080021a8   0x00000038   Code   RO         2908    i.rt_exit_critical  scheduler.o
    0x080021e0   0x080021e0   0x000000c4   Code   RO         2783    i.rt_free           mem.o
    0x080022a4   0x080022a4   0x00000008   Code   RO         3181    i.rt_heap_begin_get  board.o
    0x080022ac   0x080022ac   0x00000008   Code   RO         3182    i.rt_heap_end_get   board.o
    0x080022b4   0x080022b4   0x00000050   Code   RO         3183    i.rt_hw_board_init  board.o
    0x08002304   0x08002304   0x00000002   Code   RO         2612    i.rt_hw_console_output  kservice.o
    0x08002306   0x08002306   0x00000002   PAD
    0x08002308   0x08002308   0x00000210   Code   RO         2273    i.rt_hw_hard_fault_exception  cpuport.o
    0x08002518   0x08002518   0x0000003c   Code   RO         2274    i.rt_hw_stack_init  cpuport.o
    0x08002554   0x08002554   0x0000001c   Code   RO         2580    i.rt_interrupt_enter  irq.o
    0x08002570   0x08002570   0x0000001c   Code   RO         2582    i.rt_interrupt_leave  irq.o
    0x0800258c   0x0800258c   0x00000052   Code   RO         2461    i.rt_ipc_list_suspend  ipc.o
    0x080025de   0x080025de   0x00000002   PAD
    0x080025e0   0x080025e0   0x00000020   Code   RO         2613    i.rt_kprintf        kservice.o
    0x08002600   0x08002600   0x0000000e   Code   RO         2831    i.rt_list_insert_after  object.o
    0x0800260e   0x0800260e   0x0000000e   Code   RO         2969    i.rt_list_insert_after  thread.o
    0x0800261c   0x0800261c   0x0000000e   Code   RO         3090    i.rt_list_insert_after  timer.o
    0x0800262a   0x0800262a   0x0000000e   Code   RO         2462    i.rt_list_insert_before  ipc.o
    0x08002638   0x08002638   0x00000012   Code   RO         2832    i.rt_list_remove    object.o
    0x0800264a   0x0800264a   0x00000012   Code   RO         2970    i.rt_list_remove    thread.o
    0x0800265c   0x0800265c   0x000000f0   Code   RO         2784    i.rt_malloc         mem.o
    0x0800274c   0x0800274c   0x00000046   Code   RO         2619    i.rt_memset         kservice.o
    0x08002792   0x08002792   0x00000050   Code   RO         2833    i.rt_object_allocate  object.o
    0x080027e2   0x080027e2   0x00000026   Code   RO         2834    i.rt_object_delete  object.o
    0x08002808   0x08002808   0x00000020   Code   RO         2835    i.rt_object_detach  object.o
    0x08002828   0x08002828   0x00000024   Code   RO         2837    i.rt_object_get_information  object.o
    0x0800284c   0x0800284c   0x00000050   Code   RO         2839    i.rt_object_init    object.o
    0x0800289c   0x0800289c   0x0000000e   Code   RO         2840    i.rt_object_is_systemobject  object.o
    0x080028aa   0x080028aa   0x00000002   PAD
    0x080028ac   0x080028ac   0x00000058   Code   RO         2909    i.rt_schedule       scheduler.o
    0x08002904   0x08002904   0x00000050   Code   RO         2910    i.rt_schedule_insert_thread  scheduler.o
    0x08002954   0x08002954   0x00000048   Code   RO         2911    i.rt_schedule_remove_thread  scheduler.o
    0x0800299c   0x0800299c   0x00000024   Code   RO         2475    i.rt_sem_init       ipc.o
    0x080029c0   0x080029c0   0x00000036   Code   RO         2476    i.rt_sem_release    ipc.o
    0x080029f6   0x080029f6   0x0000006e   Code   RO         2477    i.rt_sem_take       ipc.o
    0x08002a64   0x08002a64   0x000000b0   Code   RO         2621    i.rt_show_version   kservice.o
    0x08002b14   0x08002b14   0x00000010   Code   RO         2627    i.rt_strlen         kservice.o
    0x08002b24   0x08002b24   0x00000026   Code   RO         2629    i.rt_strncpy        kservice.o
    0x08002b4a   0x08002b4a   0x00000002   PAD
    0x08002b4c   0x08002b4c   0x000000ac   Code   RO         2787    i.rt_system_heap_init  mem.o
    0x08002bf8   0x08002bf8   0x00000034   Code   RO         2912    i.rt_system_scheduler_init  scheduler.o
    0x08002c2c   0x08002c2c   0x00000028   Code   RO         2913    i.rt_system_scheduler_start  scheduler.o
    0x08002c54   0x08002c54   0x0000000c   Code   RO         3091    i.rt_system_timer_init  timer.o
    0x08002c60   0x08002c60   0x00000002   Code   RO         3092    i.rt_system_timer_thread_init  timer.o
    0x08002c62   0x08002c62   0x00000048   Code   RO         2972    i.rt_thread_create  thread.o
    0x08002caa   0x08002caa   0x00000002   PAD
    0x08002cac   0x08002cac   0x00000058   Code   RO         2976    i.rt_thread_exit    thread.o
    0x08002d04   0x08002d04   0x00000006   Code   RO         2421    i.rt_thread_idle_entry  idle.o
    0x08002d0a   0x08002d0a   0x00000002   PAD
    0x08002d0c   0x08002d0c   0x00000078   Code   RO         2422    i.rt_thread_idle_excute  idle.o
    0x08002d84   0x08002d84   0x00000038   Code   RO         2424    i.rt_thread_idle_init  idle.o
    0x08002dbc   0x08002dbc   0x00000030   Code   RO         2978    i.rt_thread_init    thread.o
    0x08002dec   0x08002dec   0x0000000e   Code   RO         2979    i.rt_thread_mdelay  thread.o
    0x08002dfa   0x08002dfa   0x0000003c   Code   RO         2980    i.rt_thread_resume  thread.o
    0x08002e36   0x08002e36   0x00000002   PAD
    0x08002e38   0x08002e38   0x0000000c   Code   RO         2981    i.rt_thread_self    thread.o
    0x08002e44   0x08002e44   0x00000040   Code   RO         2982    i.rt_thread_sleep   thread.o
    0x08002e84   0x08002e84   0x0000002c   Code   RO         2983    i.rt_thread_startup  thread.o
    0x08002eb0   0x08002eb0   0x00000042   Code   RO         2984    i.rt_thread_suspend  thread.o
    0x08002ef2   0x08002ef2   0x00000020   Code   RO         2985    i.rt_thread_timeout  thread.o
    0x08002f12   0x08002f12   0x00000002   PAD
    0x08002f14   0x08002f14   0x00000060   Code   RO         2986    i.rt_thread_yield   thread.o
    0x08002f74   0x08002f74   0x00000032   Code   RO         2313    i.rt_tick_from_millisecond  clock.o
    0x08002fa6   0x08002fa6   0x00000002   PAD
    0x08002fa8   0x08002fa8   0x0000000c   Code   RO         2314    i.rt_tick_get       clock.o
    0x08002fb4   0x08002fb4   0x0000002c   Code   RO         2315    i.rt_tick_increase  clock.o
    0x08002fe0   0x08002fe0   0x00000068   Code   RO         3093    i.rt_timer_check    timer.o
    0x08003048   0x08003048   0x00000030   Code   RO         3094    i.rt_timer_control  timer.o
    0x08003078   0x08003078   0x00000020   Code   RO         3097    i.rt_timer_detach   timer.o
    0x08003098   0x08003098   0x00000028   Code   RO         3098    i.rt_timer_init     timer.o
    0x080030c0   0x080030c0   0x0000008c   Code   RO         3100    i.rt_timer_start    timer.o
    0x0800314c   0x0800314c   0x0000002e   Code   RO         3101    i.rt_timer_stop     timer.o
    0x0800317a   0x0800317a   0x00000002   PAD
    0x0800317c   0x0800317c   0x0000027c   Code   RO         2632    i.rt_vsnprintf      kservice.o
    0x080033f8   0x080033f8   0x00000004   Code   RO         2358    i.rti_board_end     components.o
    0x080033fc   0x080033fc   0x00000004   Code   RO         2359    i.rti_board_start   components.o
    0x08003400   0x08003400   0x00000004   Code   RO         2360    i.rti_end           components.o
    0x08003404   0x08003404   0x00000004   Code   RO         2361    i.rti_start         components.o
    0x08003408   0x08003408   0x0000002a   Code   RO         2362    i.rtthread_startup  components.o
    0x08003432   0x08003432   0x00000028   Code   RO         2634    i.skip_atoi         kservice.o
    0x0800345a   0x0800345a   0x00000008   Data   RO         1211    .constdata          stm32f4xx_hal_dma.o
    0x08003462   0x08003462   0x00000010   Data   RO         2233    .constdata          system_stm32f4xx.o
    0x08003472   0x08003472   0x00000008   Data   RO         2234    .constdata          system_stm32f4xx.o
    0x0800347a   0x0800347a   0x00000122   Data   RO         2636    .constdata          kservice.o
    0x0800359c   0x0800359c   0x00000004   Data   RO         2363    .rti_fn.0           components.o
    0x080035a0   0x080035a0   0x00000004   Data   RO         2364    .rti_fn.0.end       components.o
    0x080035a4   0x080035a4   0x00000004   Data   RO         2365    .rti_fn.1.end       components.o
    0x080035a8   0x080035a8   0x00000004   Data   RO         2366    .rti_fn.6.end       components.o
    0x080035ac   0x080035ac   0x00000020   Data   RO         3240    Region$$Table       anon$$obj.o


    Execution Region RW_IRAM1 (Exec base: 0x20000000, Load base: 0x080035cc, Size: 0x00001850, Max: 0x00020000, ABSOLUTE)

    Exec Addr    Load Addr    Size         Type   Attr      Idx    E Section Name        Object

    0x20000000   0x080035cc   0x0000000c   Data   RW           18    .data               main.o
    0x2000000c   0x080035d8   0x0000000c   Data   RW         1638    .data               stm32f4xx_hal.o
    0x20000018   0x080035e4   0x00000004   Data   RW         2235    .data               system_stm32f4xx.o
    0x2000001c   0x080035e8   0x00000004   Data   RW         2275    .data               cpuport.o
    0x20000020   0x080035ec   0x00000004   Data   RW         2276    .data               cpuport.o
    0x20000024   0x080035f0   0x00000004   Data   RW         2277    .data               cpuport.o
    0x20000028   0x080035f4   0x00000004   Data   RW         2278    .data               cpuport.o
    0x2000002c   0x080035f8   0x00000004   Data   RW         2317    .data               clock.o
    0x20000030   0x080035fc   0x00000001   Data   RW         2583    .data               irq.o
    0x20000031   0x080035fd   0x00000003   PAD
    0x20000034   0x08003600   0x00000018   Data   RW         2789    .data               mem.o
    0x2000004c   0x08003618   0x00000040   Data   RW         2842    .data               object.o
    0x2000008c   0x08003658   0x00000014   Data   RW         2915    .data               scheduler.o
    0x200000a0   0x0800366c   0x0000000c   Data   RW         3102    .data               timer.o
    0x200000ac        -       0x000000a8   Zero   RW          224    .bss                adc.o
    0x20000154        -       0x000000a0   Zero   RW          317    .bss                usart.o
    0x200001f4        -       0x00000178   Zero   RW         2425    .bss                idle.o
    0x2000036c        -       0x00000080   Zero   RW         2635    .bss                kservice.o
    0x200003ec        -       0x00000020   Zero   RW         2788    .bss                mem.o
    0x2000040c        -       0x00000040   Zero   RW         2914    .bss                scheduler.o
    0x2000044c        -       0x00001000   Zero   RW         3184    .bss                board.o
    0x2000144c   0x08003678   0x00000004   PAD
    0x20001450        -       0x00000400   Zero   RW            1    STACK               startup_stm32f407xx.o


==============================================================================

Image component sizes


      Code (inc. data)   RO Data    RW Data    ZI Data      Debug   Object Name

       284         34          0          0        168       1779   adc.o
       114         18          0          0       4096       3021   board.o
       106         12          0          4          0       1884   clock.o
       182         30         16          0          0       6122   components.o
       308         26          0          0          0        900   context_rvds.o
       588        344          0         16          0       4162   cpuport.o
        60          4          0          0          0        778   dma.o
       128         10          0          0          0        947   gpio.o
       202         26          0          0        376       5666   idle.o
       296          0          0          0          0       6813   ipc.o
        56         12          0          1          0       1642   irq.o
      1382        158        290          0        128      10991   kservice.o
       282         40          0         12          0     683734   main.o
       692        172          0         24         32       4040   mem.o
       312          6          0         64          0       8596   object.o
       416         56          0         20         64       8374   scheduler.o
        36          8        392          0       1024        844   startup_stm32f407xx.o
       128         20          0         12          0       8307   stm32f4xx_hal.o
      1482         64          0          0          0       8981   stm32f4xx_hal_adc.o
         2          0          0          0          0       1001   stm32f4xx_hal_adc_ex.o
       198         14          0          0          0      33999   stm32f4xx_hal_cortex.o
       938         16          8          0          0       6534   stm32f4xx_hal_dma.o
       464         46          0          0          0       3053   stm32f4xx_hal_gpio.o
        48          6          0          0          0        846   stm32f4xx_hal_msp.o
      1328         78          0          0          0       5276   stm32f4xx_hal_rcc.o
       968         16          0          0          0       7551   stm32f4xx_hal_uart.o
        60         24          0          0          0       4660   stm32f4xx_it.o
       148         22         24          4          0       1895   system_stm32f4xx.o
       756         44          0          0          0      12373   thread.o
       484         14          0         12          0      10592   timer.o
       236         28          0          0        160       1793   usart.o

    ----------------------------------------------------------------------
     12726       1348        762        172       6052     857154   Object Totals
         0          0         32          0          0          0   (incl. Generated)
        42          0          0          3          4          0   (incl. Padding)

    ----------------------------------------------------------------------

      Code (inc. data)   RO Data    RW Data    ZI Data      Debug   Library Member Name

         0          0          0          0          0          0   entry.o
         0          0          0          0          0          0   entry10a.o
         0          0          0          0          0          0   entry11a.o
         8          4          0          0          0          0   entry2.o
         4          0          0          0          0          0   entry5.o
         0          0          0          0          0          0   entry7b.o
         0          0          0          0          0          0   entry8b.o
         8          4          0          0          0          0   entry9a.o
        30          0          0          0          0          0   handlers.o
        36          8          0          0          0         68   init.o
        30          0          0          0          0         68   llshl.o
        32          0          0          0          0         68   llushr.o
        36          0          0          0          0        108   memseta.o
        98          0          0          0          0         92   uldiv.o

    ----------------------------------------------------------------------
       284         16          0          0          0        404   Library Totals
         2          0          0          0          0          0   (incl. Padding)

    ----------------------------------------------------------------------

      Code (inc. data)   RO Data    RW Data    ZI Data      Debug   Library Name

       282         16          0          0          0        404   mc_w.l

    ----------------------------------------------------------------------
       284         16          0          0          0        404   Library Totals

    ----------------------------------------------------------------------

==============================================================================


      Code (inc. data)   RO Data    RW Data    ZI Data      Debug   

     13010       1364        762        172       6052     843058   Grand Totals
     13010       1364        762        172       6052     843058   ELF Image Totals
     13010       1364        762        172          0          0   ROM Totals

==============================================================================

    Total RO  Size (Code + RO Data)                13772 (  13.45kB)
    Total RW  Size (RW Data + ZI Data)              6224 (   6.08kB)
    Total ROM Size (Code + RO Data + RW Data)      13944 (  13.62kB)

==============================================================================

